set iso_ports {
ae210_chip/ae210_core/gpioa_padout[31]
ae210_chip/ae210_core/gpioa_padout[30]
ae210_chip/ae210_core/gpioa_padout[29]
ae210_chip/ae210_core/gpioa_padout[28]
ae210_chip/ae210_core/gpioa_padout[27]
ae210_chip/ae210_core/gpioa_padout[26]
ae210_chip/ae210_core/gpioa_padout[25]
ae210_chip/ae210_core/gpioa_padout[24]
ae210_chip/ae210_core/gpioa_padout[23]
ae210_chip/ae210_core/gpioa_padout[22]
ae210_chip/ae210_core/gpioa_padout[21]
ae210_chip/ae210_core/gpioa_padout[20]
ae210_chip/ae210_core/gpioa_padout[19]
ae210_chip/ae210_core/gpioa_padout[18]
ae210_chip/ae210_core/gpioa_padout[17]
ae210_chip/ae210_core/gpioa_padout[16]
ae210_chip/ae210_core/gpioa_padout[15]
ae210_chip/ae210_core/gpioa_padout[14]
ae210_chip/ae210_core/gpioa_padout[13]
ae210_chip/ae210_core/gpioa_padout[12]
ae210_chip/ae210_core/gpioa_padout[11]
ae210_chip/ae210_core/gpioa_padout[10]
ae210_chip/ae210_core/gpioa_padout[9]
ae210_chip/ae210_core/gpioa_padout[8]
ae210_chip/ae210_core/gpioa_padout[7]
ae210_chip/ae210_core/gpioa_padout[6]
ae210_chip/ae210_core/gpioa_padout[5]
ae210_chip/ae210_core/gpioa_padout[4]
ae210_chip/ae210_core/gpioa_padout[3]
ae210_chip/ae210_core/gpioa_padout[2]
ae210_chip/ae210_core/gpioa_padout[1]
ae210_chip/ae210_core/gpioa_padout[0]
ae210_chip/ae210_core/gpioa_padoen[31]
ae210_chip/ae210_core/gpioa_padoen[30]
ae210_chip/ae210_core/gpioa_padoen[29]
ae210_chip/ae210_core/gpioa_padoen[28]
ae210_chip/ae210_core/gpioa_padoen[27]
ae210_chip/ae210_core/gpioa_padoen[26]
ae210_chip/ae210_core/gpioa_padoen[25]
ae210_chip/ae210_core/gpioa_padoen[24]
ae210_chip/ae210_core/gpioa_padoen[23]
ae210_chip/ae210_core/gpioa_padoen[22]
ae210_chip/ae210_core/gpioa_padoen[21]
ae210_chip/ae210_core/gpioa_padoen[20]
ae210_chip/ae210_core/gpioa_padoen[19]
ae210_chip/ae210_core/gpioa_padoen[18]
ae210_chip/ae210_core/gpioa_padoen[17]
ae210_chip/ae210_core/gpioa_padoen[16]
ae210_chip/ae210_core/gpioa_padoen[15]
ae210_chip/ae210_core/gpioa_padoen[14]
ae210_chip/ae210_core/gpioa_padoen[13]
ae210_chip/ae210_core/gpioa_padoen[12]
ae210_chip/ae210_core/gpioa_padoen[11]
ae210_chip/ae210_core/gpioa_padoen[10]
ae210_chip/ae210_core/gpioa_padoen[9]
ae210_chip/ae210_core/gpioa_padoen[8]
ae210_chip/ae210_core/gpioa_padoen[7]
ae210_chip/ae210_core/gpioa_padoen[6]
ae210_chip/ae210_core/gpioa_padoen[5]
ae210_chip/ae210_core/gpioa_padoen[4]
ae210_chip/ae210_core/gpioa_padoen[3]
ae210_chip/ae210_core/gpioa_padoen[2]
ae210_chip/ae210_core/gpioa_padoen[1]
ae210_chip/ae210_core/gpioa_padoen[0]
ae210_chip/ae210_core/gpioa_pull_en[31]
ae210_chip/ae210_core/gpioa_pull_en[30]
ae210_chip/ae210_core/gpioa_pull_en[29]
ae210_chip/ae210_core/gpioa_pull_en[28]
ae210_chip/ae210_core/gpioa_pull_en[27]
ae210_chip/ae210_core/gpioa_pull_en[26]
ae210_chip/ae210_core/gpioa_pull_en[25]
ae210_chip/ae210_core/gpioa_pull_en[24]
ae210_chip/ae210_core/gpioa_pull_en[23]
ae210_chip/ae210_core/gpioa_pull_en[22]
ae210_chip/ae210_core/gpioa_pull_en[21]
ae210_chip/ae210_core/gpioa_pull_en[20]
ae210_chip/ae210_core/gpioa_pull_en[19]
ae210_chip/ae210_core/gpioa_pull_en[18]
ae210_chip/ae210_core/gpioa_pull_en[17]
ae210_chip/ae210_core/gpioa_pull_en[16]
ae210_chip/ae210_core/gpioa_pull_en[15]
ae210_chip/ae210_core/gpioa_pull_en[14]
ae210_chip/ae210_core/gpioa_pull_en[13]
ae210_chip/ae210_core/gpioa_pull_en[12]
ae210_chip/ae210_core/gpioa_pull_en[11]
ae210_chip/ae210_core/gpioa_pull_en[10]
ae210_chip/ae210_core/gpioa_pull_en[9]
ae210_chip/ae210_core/gpioa_pull_en[8]
ae210_chip/ae210_core/gpioa_pull_en[7]
ae210_chip/ae210_core/gpioa_pull_en[6]
ae210_chip/ae210_core/gpioa_pull_en[5]
ae210_chip/ae210_core/gpioa_pull_en[4]
ae210_chip/ae210_core/gpioa_pull_en[3]
ae210_chip/ae210_core/gpioa_pull_en[2]
ae210_chip/ae210_core/gpioa_pull_en[1]
ae210_chip/ae210_core/gpioa_pull_en[0]
ae210_chip/ae210_core/gpiob_padout[31]
ae210_chip/ae210_core/gpiob_padout[30]
ae210_chip/ae210_core/gpiob_padout[29]
ae210_chip/ae210_core/gpiob_padout[28]
ae210_chip/ae210_core/gpiob_padout[27]
ae210_chip/ae210_core/gpiob_padout[26]
ae210_chip/ae210_core/gpiob_padout[25]
ae210_chip/ae210_core/gpiob_padout[24]
ae210_chip/ae210_core/gpiob_padout[23]
ae210_chip/ae210_core/gpiob_padout[22]
ae210_chip/ae210_core/gpiob_padout[21]
ae210_chip/ae210_core/gpiob_padout[20]
ae210_chip/ae210_core/gpiob_padout[19]
ae210_chip/ae210_core/gpiob_padout[18]
ae210_chip/ae210_core/gpiob_padout[17]
ae210_chip/ae210_core/gpiob_padout[16]
ae210_chip/ae210_core/gpiob_padout[15]
ae210_chip/ae210_core/gpiob_padout[14]
ae210_chip/ae210_core/gpiob_padout[13]
ae210_chip/ae210_core/gpiob_padout[12]
ae210_chip/ae210_core/gpiob_padout[11]
ae210_chip/ae210_core/gpiob_padout[10]
ae210_chip/ae210_core/gpiob_padout[9]
ae210_chip/ae210_core/gpiob_padout[8]
ae210_chip/ae210_core/gpiob_padout[7]
ae210_chip/ae210_core/gpiob_padout[6]
ae210_chip/ae210_core/gpiob_padout[5]
ae210_chip/ae210_core/gpiob_padout[4]
ae210_chip/ae210_core/gpiob_padout[3]
ae210_chip/ae210_core/gpiob_padout[2]
ae210_chip/ae210_core/gpiob_padout[1]
ae210_chip/ae210_core/gpiob_padout[0]
ae210_chip/ae210_core/gpiob_padoen[31]
ae210_chip/ae210_core/gpiob_padoen[30]
ae210_chip/ae210_core/gpiob_padoen[29]
ae210_chip/ae210_core/gpiob_padoen[28]
ae210_chip/ae210_core/gpiob_padoen[27]
ae210_chip/ae210_core/gpiob_padoen[26]
ae210_chip/ae210_core/gpiob_padoen[25]
ae210_chip/ae210_core/gpiob_padoen[24]
ae210_chip/ae210_core/gpiob_padoen[23]
ae210_chip/ae210_core/gpiob_padoen[22]
ae210_chip/ae210_core/gpiob_padoen[21]
ae210_chip/ae210_core/gpiob_padoen[20]
ae210_chip/ae210_core/gpiob_padoen[19]
ae210_chip/ae210_core/gpiob_padoen[18]
ae210_chip/ae210_core/gpiob_padoen[17]
ae210_chip/ae210_core/gpiob_padoen[16]
ae210_chip/ae210_core/gpiob_padoen[15]
ae210_chip/ae210_core/gpiob_padoen[14]
ae210_chip/ae210_core/gpiob_padoen[13]
ae210_chip/ae210_core/gpiob_padoen[12]
ae210_chip/ae210_core/gpiob_padoen[11]
ae210_chip/ae210_core/gpiob_padoen[10]
ae210_chip/ae210_core/gpiob_padoen[9]
ae210_chip/ae210_core/gpiob_padoen[8]
ae210_chip/ae210_core/gpiob_padoen[7]
ae210_chip/ae210_core/gpiob_padoen[6]
ae210_chip/ae210_core/gpiob_padoen[5]
ae210_chip/ae210_core/gpiob_padoen[4]
ae210_chip/ae210_core/gpiob_padoen[3]
ae210_chip/ae210_core/gpiob_padoen[2]
ae210_chip/ae210_core/gpiob_padoen[1]
ae210_chip/ae210_core/gpiob_padoen[0]
ae210_chip/ae210_core/gpiob_pull_en[31]
ae210_chip/ae210_core/gpiob_pull_en[30]
ae210_chip/ae210_core/gpiob_pull_en[29]
ae210_chip/ae210_core/gpiob_pull_en[28]
ae210_chip/ae210_core/gpiob_pull_en[27]
ae210_chip/ae210_core/gpiob_pull_en[26]
ae210_chip/ae210_core/gpiob_pull_en[25]
ae210_chip/ae210_core/gpiob_pull_en[24]
ae210_chip/ae210_core/gpiob_pull_en[23]
ae210_chip/ae210_core/gpiob_pull_en[22]
ae210_chip/ae210_core/gpiob_pull_en[21]
ae210_chip/ae210_core/gpiob_pull_en[20]
ae210_chip/ae210_core/gpiob_pull_en[19]
ae210_chip/ae210_core/gpiob_pull_en[18]
ae210_chip/ae210_core/gpiob_pull_en[17]
ae210_chip/ae210_core/gpiob_pull_en[16]
ae210_chip/ae210_core/gpiob_pull_en[15]
ae210_chip/ae210_core/gpiob_pull_en[14]
ae210_chip/ae210_core/gpiob_pull_en[13]
ae210_chip/ae210_core/gpiob_pull_en[12]
ae210_chip/ae210_core/gpiob_pull_en[11]
ae210_chip/ae210_core/gpiob_pull_en[10]
ae210_chip/ae210_core/gpiob_pull_en[9]
ae210_chip/ae210_core/gpiob_pull_en[8]
ae210_chip/ae210_core/gpiob_pull_en[7]
ae210_chip/ae210_core/gpiob_pull_en[6]
ae210_chip/ae210_core/gpiob_pull_en[5]
ae210_chip/ae210_core/gpiob_pull_en[4]
ae210_chip/ae210_core/gpiob_pull_en[3]
ae210_chip/ae210_core/gpiob_pull_en[2]
ae210_chip/ae210_core/gpiob_pull_en[1]
ae210_chip/ae210_core/gpiob_pull_en[0]
ae210_chip/ae210_core/gpioc_padout[31]
ae210_chip/ae210_core/gpioc_padout[30]
ae210_chip/ae210_core/gpioc_padout[29]
ae210_chip/ae210_core/gpioc_padout[28]
ae210_chip/ae210_core/gpioc_padout[27]
ae210_chip/ae210_core/gpioc_padout[26]
ae210_chip/ae210_core/gpioc_padout[25]
ae210_chip/ae210_core/gpioc_padout[24]
ae210_chip/ae210_core/gpioc_padout[23]
ae210_chip/ae210_core/gpioc_padout[22]
ae210_chip/ae210_core/gpioc_padout[21]
ae210_chip/ae210_core/gpioc_padout[20]
ae210_chip/ae210_core/gpioc_padout[19]
ae210_chip/ae210_core/gpioc_padout[18]
ae210_chip/ae210_core/gpioc_padout[17]
ae210_chip/ae210_core/gpioc_padout[16]
ae210_chip/ae210_core/gpioc_padout[15]
ae210_chip/ae210_core/gpioc_padout[14]
ae210_chip/ae210_core/gpioc_padout[13]
ae210_chip/ae210_core/gpioc_padout[12]
ae210_chip/ae210_core/gpioc_padout[11]
ae210_chip/ae210_core/gpioc_padout[10]
ae210_chip/ae210_core/gpioc_padout[9]
ae210_chip/ae210_core/gpioc_padout[8]
ae210_chip/ae210_core/gpioc_padout[7]
ae210_chip/ae210_core/gpioc_padout[6]
ae210_chip/ae210_core/gpioc_padout[5]
ae210_chip/ae210_core/gpioc_padout[4]
ae210_chip/ae210_core/gpioc_padout[3]
ae210_chip/ae210_core/gpioc_padout[2]
ae210_chip/ae210_core/gpioc_padout[1]
ae210_chip/ae210_core/gpioc_padout[0]
ae210_chip/ae210_core/gpioc_padoen[31]
ae210_chip/ae210_core/gpioc_padoen[30]
ae210_chip/ae210_core/gpioc_padoen[29]
ae210_chip/ae210_core/gpioc_padoen[28]
ae210_chip/ae210_core/gpioc_padoen[27]
ae210_chip/ae210_core/gpioc_padoen[26]
ae210_chip/ae210_core/gpioc_padoen[25]
ae210_chip/ae210_core/gpioc_padoen[24]
ae210_chip/ae210_core/gpioc_padoen[23]
ae210_chip/ae210_core/gpioc_padoen[22]
ae210_chip/ae210_core/gpioc_padoen[21]
ae210_chip/ae210_core/gpioc_padoen[20]
ae210_chip/ae210_core/gpioc_padoen[19]
ae210_chip/ae210_core/gpioc_padoen[18]
ae210_chip/ae210_core/gpioc_padoen[17]
ae210_chip/ae210_core/gpioc_padoen[16]
ae210_chip/ae210_core/gpioc_padoen[15]
ae210_chip/ae210_core/gpioc_padoen[14]
ae210_chip/ae210_core/gpioc_padoen[13]
ae210_chip/ae210_core/gpioc_padoen[12]
ae210_chip/ae210_core/gpioc_padoen[11]
ae210_chip/ae210_core/gpioc_padoen[10]
ae210_chip/ae210_core/gpioc_padoen[9]
ae210_chip/ae210_core/gpioc_padoen[8]
ae210_chip/ae210_core/gpioc_padoen[7]
ae210_chip/ae210_core/gpioc_padoen[6]
ae210_chip/ae210_core/gpioc_padoen[5]
ae210_chip/ae210_core/gpioc_padoen[4]
ae210_chip/ae210_core/gpioc_padoen[3]
ae210_chip/ae210_core/gpioc_padoen[2]
ae210_chip/ae210_core/gpioc_padoen[1]
ae210_chip/ae210_core/gpioc_padoen[0]
ae210_chip/ae210_core/gpioc_pull_en[31]
ae210_chip/ae210_core/gpioc_pull_en[30]
ae210_chip/ae210_core/gpioc_pull_en[29]
ae210_chip/ae210_core/gpioc_pull_en[28]
ae210_chip/ae210_core/gpioc_pull_en[27]
ae210_chip/ae210_core/gpioc_pull_en[26]
ae210_chip/ae210_core/gpioc_pull_en[25]
ae210_chip/ae210_core/gpioc_pull_en[24]
ae210_chip/ae210_core/gpioc_pull_en[23]
ae210_chip/ae210_core/gpioc_pull_en[22]
ae210_chip/ae210_core/gpioc_pull_en[21]
ae210_chip/ae210_core/gpioc_pull_en[20]
ae210_chip/ae210_core/gpioc_pull_en[19]
ae210_chip/ae210_core/gpioc_pull_en[18]
ae210_chip/ae210_core/gpioc_pull_en[17]
ae210_chip/ae210_core/gpioc_pull_en[16]
ae210_chip/ae210_core/gpioc_pull_en[15]
ae210_chip/ae210_core/gpioc_pull_en[14]
ae210_chip/ae210_core/gpioc_pull_en[13]
ae210_chip/ae210_core/gpioc_pull_en[12]
ae210_chip/ae210_core/gpioc_pull_en[11]
ae210_chip/ae210_core/gpioc_pull_en[10]
ae210_chip/ae210_core/gpioc_pull_en[9]
ae210_chip/ae210_core/gpioc_pull_en[8]
ae210_chip/ae210_core/gpioc_pull_en[7]
ae210_chip/ae210_core/gpioc_pull_en[6]
ae210_chip/ae210_core/gpioc_pull_en[5]
ae210_chip/ae210_core/gpioc_pull_en[4]
ae210_chip/ae210_core/gpioc_pull_en[3]
ae210_chip/ae210_core/gpioc_pull_en[2]
ae210_chip/ae210_core/gpioc_pull_en[1]
ae210_chip/ae210_core/gpioc_pull_en[0]
ae210_chip/ae210_core/gpiod_padoen[31]
ae210_chip/ae210_core/gpiod_padoen[30]
ae210_chip/ae210_core/gpiod_padoen[29]
ae210_chip/ae210_core/gpiod_padoen[28]
ae210_chip/ae210_core/gpiod_padoen[27]
ae210_chip/ae210_core/gpiod_padoen[26]
ae210_chip/ae210_core/gpiod_padoen[25]
ae210_chip/ae210_core/gpiod_padoen[24]
ae210_chip/ae210_core/gpiod_padoen[23]
ae210_chip/ae210_core/gpiod_padoen[22]
ae210_chip/ae210_core/gpiod_padoen[21]
ae210_chip/ae210_core/gpiod_padoen[20]
ae210_chip/ae210_core/gpiod_padoen[19]
ae210_chip/ae210_core/gpiod_padoen[18]
ae210_chip/ae210_core/gpiod_padoen[17]
ae210_chip/ae210_core/gpiod_padoen[16]
ae210_chip/ae210_core/gpiod_padoen[15]
ae210_chip/ae210_core/gpiod_padoen[14]
ae210_chip/ae210_core/gpiod_padoen[13]
ae210_chip/ae210_core/gpiod_padoen[12]
ae210_chip/ae210_core/gpiod_padoen[11]
ae210_chip/ae210_core/gpiod_padoen[10]
ae210_chip/ae210_core/gpiod_padoen[9]
ae210_chip/ae210_core/gpiod_padoen[8]
ae210_chip/ae210_core/gpiod_padoen[7]
ae210_chip/ae210_core/gpiod_padoen[6]
ae210_chip/ae210_core/gpiod_padoen[5]
ae210_chip/ae210_core/gpiod_padoen[4]
ae210_chip/ae210_core/gpiod_padoen[3]
ae210_chip/ae210_core/gpiod_padoen[2]
ae210_chip/ae210_core/gpiod_padoen[1]
ae210_chip/ae210_core/gpiod_padoen[0]
ae210_chip/ae210_core/HADDRahb2cm0_async[31]
ae210_chip/ae210_core/HADDRahb2cm0_async[30]
ae210_chip/ae210_core/HADDRahb2cm0_async[29]
ae210_chip/ae210_core/HADDRahb2cm0_async[28]
ae210_chip/ae210_core/HADDRahb2cm0_async[27]
ae210_chip/ae210_core/HADDRahb2cm0_async[26]
ae210_chip/ae210_core/HADDRahb2cm0_async[25]
ae210_chip/ae210_core/HADDRahb2cm0_async[24]
ae210_chip/ae210_core/HADDRahb2cm0_async[23]
ae210_chip/ae210_core/HADDRahb2cm0_async[22]
ae210_chip/ae210_core/HADDRahb2cm0_async[21]
ae210_chip/ae210_core/HADDRahb2cm0_async[20]
ae210_chip/ae210_core/HADDRahb2cm0_async[19]
ae210_chip/ae210_core/HADDRahb2cm0_async[18]
ae210_chip/ae210_core/HADDRahb2cm0_async[17]
ae210_chip/ae210_core/HADDRahb2cm0_async[16]
ae210_chip/ae210_core/HADDRahb2cm0_async[15]
ae210_chip/ae210_core/HADDRahb2cm0_async[14]
ae210_chip/ae210_core/HADDRahb2cm0_async[13]
ae210_chip/ae210_core/HADDRahb2cm0_async[12]
ae210_chip/ae210_core/HADDRahb2cm0_async[11]
ae210_chip/ae210_core/HADDRahb2cm0_async[10]
ae210_chip/ae210_core/HADDRahb2cm0_async[9]
ae210_chip/ae210_core/HADDRahb2cm0_async[8]
ae210_chip/ae210_core/HADDRahb2cm0_async[7]
ae210_chip/ae210_core/HADDRahb2cm0_async[6]
ae210_chip/ae210_core/HADDRahb2cm0_async[5]
ae210_chip/ae210_core/HADDRahb2cm0_async[4]
ae210_chip/ae210_core/HADDRahb2cm0_async[3]
ae210_chip/ae210_core/HADDRahb2cm0_async[2]
ae210_chip/ae210_core/HADDRahb2cm0_async[1]
ae210_chip/ae210_core/HADDRahb2cm0_async[0]
ae210_chip/ae210_core/HTRANSahb2cm0_async[1]
ae210_chip/ae210_core/HTRANSahb2cm0_async[0]
ae210_chip/ae210_core/HWRITEahb2cm0_async
ae210_chip/ae210_core/HSIZEahb2cm0_async[2]
ae210_chip/ae210_core/HSIZEahb2cm0_async[1]
ae210_chip/ae210_core/HSIZEahb2cm0_async[0]
ae210_chip/ae210_core/HBURSTahb2cm0_async[2]
ae210_chip/ae210_core/HBURSTahb2cm0_async[1]
ae210_chip/ae210_core/HBURSTahb2cm0_async[0]
ae210_chip/ae210_core/HWDATAahb2cm0_async[31]
ae210_chip/ae210_core/HWDATAahb2cm0_async[30]
ae210_chip/ae210_core/HWDATAahb2cm0_async[29]
ae210_chip/ae210_core/HWDATAahb2cm0_async[28]
ae210_chip/ae210_core/HWDATAahb2cm0_async[27]
ae210_chip/ae210_core/HWDATAahb2cm0_async[26]
ae210_chip/ae210_core/HWDATAahb2cm0_async[25]
ae210_chip/ae210_core/HWDATAahb2cm0_async[24]
ae210_chip/ae210_core/HWDATAahb2cm0_async[23]
ae210_chip/ae210_core/HWDATAahb2cm0_async[22]
ae210_chip/ae210_core/HWDATAahb2cm0_async[21]
ae210_chip/ae210_core/HWDATAahb2cm0_async[20]
ae210_chip/ae210_core/HWDATAahb2cm0_async[19]
ae210_chip/ae210_core/HWDATAahb2cm0_async[18]
ae210_chip/ae210_core/HWDATAahb2cm0_async[17]
ae210_chip/ae210_core/HWDATAahb2cm0_async[16]
ae210_chip/ae210_core/HWDATAahb2cm0_async[15]
ae210_chip/ae210_core/HWDATAahb2cm0_async[14]
ae210_chip/ae210_core/HWDATAahb2cm0_async[13]
ae210_chip/ae210_core/HWDATAahb2cm0_async[12]
ae210_chip/ae210_core/HWDATAahb2cm0_async[11]
ae210_chip/ae210_core/HWDATAahb2cm0_async[10]
ae210_chip/ae210_core/HWDATAahb2cm0_async[9]
ae210_chip/ae210_core/HWDATAahb2cm0_async[8]
ae210_chip/ae210_core/HWDATAahb2cm0_async[7]
ae210_chip/ae210_core/HWDATAahb2cm0_async[6]
ae210_chip/ae210_core/HWDATAahb2cm0_async[5]
ae210_chip/ae210_core/HWDATAahb2cm0_async[4]
ae210_chip/ae210_core/HWDATAahb2cm0_async[3]
ae210_chip/ae210_core/HWDATAahb2cm0_async[2]
ae210_chip/ae210_core/HWDATAahb2cm0_async[1]
ae210_chip/ae210_core/HWDATAahb2cm0_async[0]
ae210_chip/ae210_core/int_locsc0
ae210_chip/ae210_core/int_timer7
ae210_chip/ae210_core/int_timer6
ae210_chip/ae210_core/int_timer5
ae210_chip/ae210_core/int_spi1
ae210_chip/ae210_core/int_uart2
ae210_chip/ae210_core/int_gpio
ae210_chip/ae210_core/int_lcd
}
