#========================================
# List all IPs RTL file here
# NOTE: no blank line allowed
#========================================

set search_path  [list  $search_path
/home/xian001/SY13_DATA/RTL/sy1301/AE210P/ae210p/andes_ip/n10_core/top/hdl
/home/xian001/SY13_DATA/RTL/sy1301/AE210P/ae210p/andes_ip/ae210/top/hdl/include
/home/xian001/SY13_DATA/RTL/sy1301/AE210P/ae210p/andes_ip/peripheral_ip/gpio
/home/xian001/SY13_DATA/RTL/sy1301/AE210P/ae210p/andes_ip/ae210/define
/home/xian001/SY13_DATA/RTL/sy1301/AE210P/ae210p/andes_ip/peripheral_ip/apc
/home/xian001/SY13_DATA/RTL/sy1301/AE210P/ae210p/andes_ip/ae210/top/hdl
/home/xian001/SY13_DATA/RTL/sy1301/AE210P/ae210p/andes_ip/peripheral_ip/scm
/home/xian001/SY13_DATA/RTL/sy1301/AE210P/ae210p/andes_ip/peripheral_ip/locsc
/home/xian001/SY13_DATA/RTL/sy1301/AE210P/ae210p/andes_ip/ncesfp/hdl
/home/xian001/SY13_DATA/RTL/sy1301/AE210P/ae210p/andes_ip/peripheral_ip/pwm
/home/xian001/SY13_DATA/RTL/sy1301/CortexM0/integration_kit/logical/user_define
/home/xian001/SY13_DATA/RTL/sy1301/CortexM0/integration_kit/logical/peripheral/gpio
/home/xian001/SY13_DATA/RTL/sy1301/CortexM0/integration_kit/logical/tbench/verilog
/home/xian001/SY13_DATA/RTL/sy1301/CortexM0/integration_kit/logical/peripheral/scm
/home/xian001/SY13_DATA/RTL/sy1301/CortexM0/logical/cortexm0_dap/verilog
/home/xian001/SY13_DATA/RTL/sy1301/CortexM0/logical/ualdis/verilog
/home/xian001/SY13_DATA/RTL/sy1301/AE210P/ae210p/andes_ip/peripheral_ip/scm
/home/xian001/SY13_DATA/RTL/sy1301/CortexM0/integration_kit/logical/peripheral/hash
/home/xian001/SY13_DATA/RTL/sy1301/CortexM0/integration_kit/logical/peripheral/rng
/home/xian001/SY13_DATA/RTL/sy1301/CortexM0/integration_kit/logical/peripheral/fd
/home/xian001/SY13_DATA/RTL/sy1301/CortexM0/integration_kit/logical/peripheral/crc
/home/xian001/SY13_DATA/RTL/sy1301/CortexM0/integration_kit/logical/peripheral/vpwm
/home/xian001/SY13_DATA/RTL/sy1301/CortexM0/integration_kit/logical/peripheral/rsa
/home/xian001/SY13_DATA/RTL/sy1301/CortexM0/integration_kit/logical/peripheral/rng
/home/xian001/SY13_DATA/RTL/sy1301/CortexM0/integration_kit/logical/peripheral/eaag
/home/xian001/SY13_DATA/RTL/sy1301/CortexM0/integration_kit/logical/user_define
/home/xian001/SY13_DATA/RTL/sy1301/CortexM0/integration_kit/logical/peripheral/gpio
]

set RTL_FILE_LIST [ list
/home/xian001/SY13_DATA/RTL/sy1301/AE210P/ae210p/andes_ip/ae210/top/hdl/ae210_chip.v
/home/xian001/SY13_DATA/RTL/sy1301/AE210P/ae210p/andes_ip/ae210/top/hdl/ae210_core.v
/home/xian001/SY13_DATA/RTL/sy1301/CortexM0/integration_kit/logical/interconnect/sy13.v
/home/xian001/SY13_DATA/RTL/sy1301/CortexM0/integration_kit/logical/cm0ikmcu/verilog/CM0IKMCU.v
/home/xian001/SY13_DATA/RTL/sy1301/AE210P/ae210p/andes_ip/peripheral_ip/Ahb2Apb/AhbToApb.v
/home/xian001/SY13_DATA/RTL/sy1301/AE210P/ae210p/andes_ip/peripheral_ip/Ahb2Apb/peripheral.v
/home/xian001/SY13_DATA/RTL/sy1301/AE210P/ae210p/andes_ip/macro/async_clkmux.v
/home/xian001/SY13_DATA/RTL/sy1301/AE210P/ae210p/andes_ip/peripheral_ip/gpio/n10_pad_mux.v
/home/xian001/SY13_DATA/RTL/sy1301/AE210P/ae210p/andes_ip/peripheral_ip/gpio/n10_gpio.v
/home/xian001/SY13_DATA/RTL/sy1301/AE210P/ae210p/andes_ip/macro/nds_lib.v
/home/xian001/SY13_DATA/RTL/sy1301/CortexM0/integration_kit/ip_fpga/BUFG.v
/home/xian001/SY13_DATA/RTL/sy1301/AE210P/ae210p/andes_ip/ae210/top/hdl/ae210_cpu_subsystem_n10.v
/home/xian001/SY13_DATA/RTL/sy1301/AE210P/ae210p/andes_ip/n10_core/top/hdl/n10_core.v
/home/xian001/SY13_DATA/RTL/sy1301/AE210P/ae210p/andes_ip/peripheral_ip/sqi/txdatactl.v
/home/xian001/SY13_DATA/RTL/sy1301/AE210P/ae210p/andes_ip/macro/gck.v
/home/xian001/SY13_DATA/RTL/sy1301/AE210P/ae210p/andes_ip/n10_core/edm/hdl/reg_jtagedm_ver.v
/home/xian001/SY13_DATA/RTL/sy1301/AE210P/ae210p/andes_ip/n10_core/fcu/hdl/fcu.v
/home/xian001/SY13_DATA/RTL/sy1301/AE210P/ae210p/andes_ip/n10_core/fcu/hdl/icache_arbiter.v
/home/xian001/SY13_DATA/RTL/sy1301/AE210P/ae210p/andes_ip/n10_core/fcu/hdl/icache_cctl_path.v
/home/xian001/SY13_DATA/RTL/sy1301/AE210P/ae210p/andes_ip/n10_core/fcu/hdl/icache_control_path.v
/home/xian001/SY13_DATA/RTL/sy1301/AE210P/ae210p/andes_ip/n10_core/fcu/hdl/icache_lru_policy_manager.v
/home/xian001/SY13_DATA/RTL/sy1301/AE210P/ae210p/andes_ip/n10_core/fcu/hdl/icache_random_policy_manager.v
/home/xian001/SY13_DATA/RTL/sy1301/AE210P/ae210p/andes_ip/n10_core/fcu/hdl/ifetch_control_unit.v
/home/xian001/SY13_DATA/RTL/sy1301/AE210P/ae210p/andes_ip/n10_core/fcu/hdl/ifetch_data_path.v
/home/xian001/SY13_DATA/RTL/sy1301/AE210P/ae210p/andes_ip/n10_core/fcu/hdl/ifetch_memory.v
/home/xian001/SY13_DATA/RTL/sy1301/AE210P/ae210p/andes_ip/n10_core/fcu/hdl/ilm_arbiter.v
/home/xian001/SY13_DATA/RTL/sy1301/AE210P/ae210p/andes_ip/n10_core/lsu/hdl/lsu.v
/home/xian001/SY13_DATA/RTL/sy1301/AE210P/ae210p/andes_ip/n10_core/lsu/hdl/lsu_addr_mux.v
/home/xian001/SY13_DATA/RTL/sy1301/AE210P/ae210p/andes_ip/n10_core/lsu/hdl/lsu_adsp_load_alignment.v
/home/xian001/SY13_DATA/RTL/sy1301/AE210P/ae210p/andes_ip/n10_core/lsu/hdl/lsu_cntrl.v
/home/xian001/SY13_DATA/RTL/sy1301/AE210P/ae210p/andes_ip/n10_core/lsu/hdl/lsu_data_mux.v
/home/xian001/SY13_DATA/RTL/sy1301/AE210P/ae210p/andes_ip/n10_core/lsu/hdl/lsu_dirty_mem.v
/home/xian001/SY13_DATA/RTL/sy1301/AE210P/ae210p/andes_ip/n10_core/lsu/hdl/lsu_fb.v
/home/xian001/SY13_DATA/RTL/sy1301/AE210P/ae210p/andes_ip/n10_core/lsu/hdl/lsu_gck.v
/home/xian001/SY13_DATA/RTL/sy1301/AE210P/ae210p/andes_ip/n10_core/lsu/hdl/lsu_load_alignment.v
/home/xian001/SY13_DATA/RTL/sy1301/AE210P/ae210p/andes_ip/n10_core/lsu/hdl/lsu_lru_mem.v
/home/xian001/SY13_DATA/RTL/sy1301/AE210P/ae210p/andes_ip/n10_core/lsu/hdl/lsu_mem.v
/home/xian001/SY13_DATA/RTL/sy1301/AE210P/ae210p/andes_ip/n10_core/memory/model/icache_ram.v
/home/xian001/SY13_DATA/RTL/sy1301/AE210P/ae210p/andes_ip/n10_core/memory/model/dcache_ram.v
/home/xian001/SY13_DATA/RTL/sy1301/AE210P/ae210p/andes_ip/n10_core/lsu/hdl/lsu_sb.v
/home/xian001/SY13_DATA/RTL/sy1301/AE210P/ae210p/andes_ip/n10_core/lsu/hdl/lsu_store_alignment.v
/home/xian001/SY13_DATA/RTL/sy1301/AE210P/ae210p/andes_ip/n10_core/lsu/hdl/lsu_wb.v
/home/xian001/SY13_DATA/RTL/sy1301/AE210P/ae210p/andes_ip/n10_core/mmu/hdl/dtlb_ctrl.v
/home/xian001/SY13_DATA/RTL/sy1301/AE210P/ae210p/andes_ip/n10_core/mmu/hdl/hptwk_ctrl.v
/home/xian001/SY13_DATA/RTL/sy1301/AE210P/ae210p/andes_ip/n10_core/mmu/hdl/itlb_ctrl.v
/home/xian001/SY13_DATA/RTL/sy1301/AE210P/ae210p/andes_ip/n10_core/mmu/hdl/mmu.v
/home/xian001/SY13_DATA/RTL/sy1301/AE210P/ae210p/andes_ip/n10_core/mmu/hdl/mmu_gck.v
/home/xian001/SY13_DATA/RTL/sy1301/AE210P/ae210p/andes_ip/n10_core/mmu/hdl/mtlb_ctrl.v
/home/xian001/SY13_DATA/RTL/sy1301/AE210P/ae210p/andes_ip/n10_core/mmu/hdl/mtlb_plru.v
/home/xian001/SY13_DATA/RTL/sy1301/AE210P/ae210p/andes_ip/n10_core/pcu/hdl/pcu.v
/home/xian001/SY13_DATA/RTL/sy1301/AE210P/ae210p/andes_ip/n10_core/top/hdl/reset_gen.v
/home/xian001/SY13_DATA/RTL/sy1301/AE210P/ae210p/andes_ip/n10_core/ucore/hdl/b16_bnrtr_dtt.v
/home/xian001/SY13_DATA/RTL/sy1301/AE210P/ae210p/andes_ip/n10_core/ucore/hdl/ieu_adu.v
/home/xian001/SY13_DATA/RTL/sy1301/AE210P/ae210p/andes_ip/n10_core/ucore/hdl/ieu_alu.v
/home/xian001/SY13_DATA/RTL/sy1301/AE210P/ae210p/andes_ip/n10_core/ucore/hdl/ieu_ctl.v
/home/xian001/SY13_DATA/RTL/sy1301/AE210P/ae210p/andes_ip/n10_core/ucore/hdl/ieu_mdu.v
/home/xian001/SY13_DATA/RTL/sy1301/AE210P/ae210p/andes_ip/n10_core/ucore/hdl/ieu_mdu_mul.v
/home/xian001/SY13_DATA/RTL/sy1301/AE210P/ae210p/andes_ip/n10_core/ucore/hdl/ieu_sau.v
/home/xian001/SY13_DATA/RTL/sy1301/AE210P/ae210p/andes_ip/n10_core/ucore/hdl/ifu_ctl.v
/home/xian001/SY13_DATA/RTL/sy1301/AE210P/ae210p/andes_ip/n10_core/ucore/hdl/iiu_ctl.v
/home/xian001/SY13_DATA/RTL/sy1301/AE210P/ae210p/andes_ip/n10_core/ucore/hdl/iiu_iq.v
/home/xian001/SY13_DATA/RTL/sy1301/AE210P/ae210p/andes_ip/n10_core/ucore/hdl/iiu_rf.v
/home/xian001/SY13_DATA/RTL/sy1301/AE210P/ae210p/andes_ip/n10_core/ucore/hdl/iru_ctl.v
/home/xian001/SY13_DATA/RTL/sy1301/AE210P/ae210p/andes_ip/n10_core/ucore/hdl/sru_cpu_ver.v
/home/xian001/SY13_DATA/RTL/sy1301/AE210P/ae210p/andes_ip/n10_core/ucore/hdl/sru_ctl.v
/home/xian001/SY13_DATA/RTL/sy1301/AE210P/ae210p/andes_ip/n10_core/macro/hdl/sync_l2l.v
/home/xian001/SY13_DATA/RTL/sy1301/AE210P/ae210p/andes_ip/n10_core/memory/model/btb_ram.v
/home/xian001/SY13_DATA/RTL/sy1301/AE210P/ae210p/andes_ip/n10_core/ucore/hdl/tr_node1.v
/home/xian001/SY13_DATA/RTL/sy1301/AE210P/ae210p/andes_ip/n10_core/ucore/hdl/tr_node2.v
/home/xian001/SY13_DATA/RTL/sy1301/AE210P/ae210p/andes_ip/n10_core/ucore/hdl/ucore.v
/home/xian001/SY13_DATA/RTL/sy1301/AE210P/ae210p/andes_ip/n10_core/ucore/hdl/ucore_gck.v
/home/xian001/SY13_DATA/RTL/sy1301/AE210P/ae210p/andes_ip/peripheral_ip/sdp_wrapper/hdl/sdp_wrapper.v
/home/xian001/SY13_DATA/RTL/sy1301/AE210P/ae210p/andes_vip/models/cpif/hdl/cop_mux.v
/home/xian001/SY13_DATA/RTL/sy1301/AE210P/ae210p/andes_ip/ncesfp/hdl/csa3_2.v
/home/xian001/SY13_DATA/RTL/sy1301/AE210P/ae210p/andes_ip/ncesfp/hdl/fp_clk_gen.v
/home/xian001/SY13_DATA/RTL/sy1301/AE210P/ae210p/andes_ip/ncesfp/hdl/fp_cpif.v
/home/xian001/SY13_DATA/RTL/sy1301/AE210P/ae210p/andes_ip/ncesfp/hdl/fp_dsu.v
/home/xian001/SY13_DATA/RTL/sy1301/AE210P/ae210p/andes_ip/ncesfp/hdl/fp_eu.v
/home/xian001/SY13_DATA/RTL/sy1301/AE210P/ae210p/andes_ip/ncesfp/hdl/fp_eu_ctr.v
/home/xian001/SY13_DATA/RTL/sy1301/AE210P/ae210p/andes_ip/ncesfp/hdl/fp_eu_dp.v
/home/xian001/SY13_DATA/RTL/sy1301/AE210P/ae210p/andes_ip/ncesfp/hdl/fp_iiu.v
/home/xian001/SY13_DATA/RTL/sy1301/AE210P/ae210p/andes_ip/ncesfp/hdl/fp_mul.v
/home/xian001/SY13_DATA/RTL/sy1301/AE210P/ae210p/andes_ip/ncesfp/hdl/fp_rf.v
/home/xian001/SY13_DATA/RTL/sy1301/AE210P/ae210p/andes_ip/ncesfp/hdl/ncesfp.v
/home/xian001/SY13_DATA/RTL/sy1301/AE210P/ae210p/andes_ip/peripheral_ip/hamming/ham_ctrl.v
/home/xian001/SY13_DATA/RTL/sy1301/AE210P/ae210p/andes_ip/peripheral_ip/hamming/ham_engine.v
/home/xian001/SY13_DATA/RTL/sy1301/AE210P/ae210p/andes_ip/peripheral_ip/hamming/ham_hru.v
/home/xian001/SY13_DATA/RTL/sy1301/AE210P/ae210p/andes_ip/peripheral_ip/hamming/ham_master.v
/home/xian001/SY13_DATA/RTL/sy1301/AE210P/ae210p/andes_ip/peripheral_ip/hamming/ham_regs.v
/home/xian001/SY13_DATA/RTL/sy1301/AE210P/ae210p/andes_ip/peripheral_ip/hamming/ham_slave.v
/home/xian001/SY13_DATA/RTL/sy1301/AE210P/ae210p/andes_ip/peripheral_ip/hamming/ham_top.v
/home/xian001/SY13_DATA/RTL/sy1301/AE210P/ae210p/andes_ip/peripheral_ip/hamming/sfifo_10x10.v
/home/xian001/SY13_DATA/RTL/sy1301/AE210P/ae210p/andes_ip/peripheral_ip/hamming/sfifo_16x16.v
/home/xian001/SY13_DATA/RTL/sy1301/AE210P/ae210p/andes_ip/peripheral_ip/hamming/sfifo_4x26.v
/home/xian001/SY13_DATA/RTL/sy1301/AE210P/ae210p/andes_ip/peripheral_ip/BusMatrix_2s8m/verilog/rtl_source/BP010_a2bm_BusMatrix_2s8m_1.v
/home/xian001/SY13_DATA/RTL/sy1301/AE210P/ae210p/andes_ip/peripheral_ip/BusMatrix_2s8m/verilog/rtl_source/BmDefaultSlave.v
/home/xian001/SY13_DATA/RTL/sy1301/AE210P/ae210p/andes_ip/peripheral_ip/BusMatrix_2s8m/verilog/rtl_source/BusMatrix_2s8m.v
/home/xian001/SY13_DATA/RTL/sy1301/AE210P/ae210p/andes_ip/peripheral_ip/BusMatrix_2s8m/verilog/rtl_source/BusMatrix_2s8m_bm_decodahb2bmdiv.v
/home/xian001/SY13_DATA/RTL/sy1301/AE210P/ae210p/andes_ip/peripheral_ip/BusMatrix_2s8m/verilog/rtl_source/BusMatrix_2s8m_bm_decodcm02bmdiv.v
/home/xian001/SY13_DATA/RTL/sy1301/AE210P/ae210p/andes_ip/peripheral_ip/BusMatrix_2s8m/verilog/rtl_source/BusMatrix_2s8m_ip_stage.v
/home/xian001/SY13_DATA/RTL/sy1301/AE210P/ae210p/andes_ip/peripheral_ip/BusMatrix_2s8m/verilog/rtl_source/BusMatrix_2s8m_op_arbapb.v
/home/xian001/SY13_DATA/RTL/sy1301/AE210P/ae210p/andes_ip/peripheral_ip/BusMatrix_2s8m/verilog/rtl_source/BusMatrix_2s8m_op_arbapc.v
/home/xian001/SY13_DATA/RTL/sy1301/AE210P/ae210p/andes_ip/peripheral_ip/BusMatrix_2s8m/verilog/rtl_source/BusMatrix_2s8m_op_arbbmdiv.v
/home/xian001/SY13_DATA/RTL/sy1301/AE210P/ae210p/andes_ip/peripheral_ip/BusMatrix_2s8m/verilog/rtl_source/BusMatrix_2s8m_op_arblocsc0.v
/home/xian001/SY13_DATA/RTL/sy1301/AE210P/ae210p/andes_ip/peripheral_ip/BusMatrix_2s8m/verilog/rtl_source/BusMatrix_2s8m_op_arblocsc1.v
/home/xian001/SY13_DATA/RTL/sy1301/AE210P/ae210p/andes_ip/peripheral_ip/BusMatrix_2s8m/verilog/rtl_source/BusMatrix_2s8m_op_arbsqi.v
/home/xian001/SY13_DATA/RTL/sy1301/AE210P/ae210p/andes_ip/peripheral_ip/BusMatrix_2s8m/verilog/rtl_source/BusMatrix_2s8m_op_arbsram0div.v
/home/xian001/SY13_DATA/RTL/sy1301/AE210P/ae210p/andes_ip/peripheral_ip/BusMatrix_2s8m/verilog/rtl_source/BusMatrix_2s8m_op_arbsram1div.v
/home/xian001/SY13_DATA/RTL/sy1301/AE210P/ae210p/andes_ip/peripheral_ip/BusMatrix_2s8m/verilog/rtl_source/BusMatrix_2s8m_op_stageapb.v
/home/xian001/SY13_DATA/RTL/sy1301/AE210P/ae210p/andes_ip/peripheral_ip/BusMatrix_2s8m/verilog/rtl_source/BusMatrix_2s8m_op_stageapc.v
/home/xian001/SY13_DATA/RTL/sy1301/AE210P/ae210p/andes_ip/peripheral_ip/BusMatrix_2s8m/verilog/rtl_source/BusMatrix_2s8m_op_stagebmdiv.v
/home/xian001/SY13_DATA/RTL/sy1301/AE210P/ae210p/andes_ip/peripheral_ip/BusMatrix_2s8m/verilog/rtl_source/BusMatrix_2s8m_op_stagelocsc0.v
/home/xian001/SY13_DATA/RTL/sy1301/AE210P/ae210p/andes_ip/peripheral_ip/BusMatrix_2s8m/verilog/rtl_source/BusMatrix_2s8m_op_stagelocsc1.v
/home/xian001/SY13_DATA/RTL/sy1301/AE210P/ae210p/andes_ip/peripheral_ip/BusMatrix_2s8m/verilog/rtl_source/BusMatrix_2s8m_op_stagesqi.v
/home/xian001/SY13_DATA/RTL/sy1301/AE210P/ae210p/andes_ip/peripheral_ip/BusMatrix_2s8m/verilog/rtl_source/BusMatrix_2s8m_op_stagesram0div.v
/home/xian001/SY13_DATA/RTL/sy1301/AE210P/ae210p/andes_ip/peripheral_ip/BusMatrix_2s8m/verilog/rtl_source/BusMatrix_2s8m_op_stagesram1div.v
/home/xian001/SY13_DATA/RTL/sy1301/AE210P/ae210p/andes_ip/peripheral_ip/BusMatrix_6s7m/verilog/rtl_source/BP010_a2bm_BusMatrix_6s7m_1.v
/home/xian001/SY13_DATA/RTL/sy1301/AE210P/ae210p/andes_ip/peripheral_ip/BusMatrix_6s7m/verilog/rtl_source/BusMatrix_6s7m.v
/home/xian001/SY13_DATA/RTL/sy1301/AE210P/ae210p/andes_ip/peripheral_ip/BusMatrix_6s7m/verilog/rtl_source/BusMatrix_6s7m_bm_decodbm.v
/home/xian001/SY13_DATA/RTL/sy1301/AE210P/ae210p/andes_ip/peripheral_ip/BusMatrix_6s7m/verilog/rtl_source/BusMatrix_6s7m_bm_decodcoa.v
/home/xian001/SY13_DATA/RTL/sy1301/AE210P/ae210p/andes_ip/peripheral_ip/BusMatrix_6s7m/verilog/rtl_source/BusMatrix_6s7m_bm_decoddbus.v
/home/xian001/SY13_DATA/RTL/sy1301/AE210P/ae210p/andes_ip/peripheral_ip/BusMatrix_6s7m/verilog/rtl_source/BusMatrix_6s7m_bm_decoddma.v
/home/xian001/SY13_DATA/RTL/sy1301/AE210P/ae210p/andes_ip/peripheral_ip/BusMatrix_6s7m/verilog/rtl_source/BusMatrix_6s7m_bm_decodham.v
/home/xian001/SY13_DATA/RTL/sy1301/AE210P/ae210p/andes_ip/peripheral_ip/BusMatrix_6s7m/verilog/rtl_source/BusMatrix_6s7m_bm_decodibus.v
/home/xian001/SY13_DATA/RTL/sy1301/AE210P/ae210p/andes_ip/peripheral_ip/BusMatrix_6s7m/verilog/rtl_source/BusMatrix_6s7m_ip_stage.v
/home/xian001/SY13_DATA/RTL/sy1301/AE210P/ae210p/andes_ip/peripheral_ip/BusMatrix_6s7m/verilog/rtl_source/BusMatrix_6s7m_op_arbahb2bm.v
/home/xian001/SY13_DATA/RTL/sy1301/AE210P/ae210p/andes_ip/peripheral_ip/BusMatrix_6s7m/verilog/rtl_source/BusMatrix_6s7m_op_arbahb2cm0.v
/home/xian001/SY13_DATA/RTL/sy1301/AE210P/ae210p/andes_ip/peripheral_ip/BusMatrix_6s7m/verilog/rtl_source/BusMatrix_6s7m_op_arbfpac.v
/home/xian001/SY13_DATA/RTL/sy1301/AE210P/ae210p/andes_ip/peripheral_ip/BusMatrix_6s7m/verilog/rtl_source/BusMatrix_6s7m_op_arbsdrlcd.v
/home/xian001/SY13_DATA/RTL/sy1301/AE210P/ae210p/andes_ip/peripheral_ip/BusMatrix_6s7m/verilog/rtl_source/BusMatrix_6s7m_op_arbsram0.v
/home/xian001/SY13_DATA/RTL/sy1301/AE210P/ae210p/andes_ip/peripheral_ip/BusMatrix_6s7m/verilog/rtl_source/BusMatrix_6s7m_op_arbsram1.v
/home/xian001/SY13_DATA/RTL/sy1301/AE210P/ae210p/andes_ip/peripheral_ip/BusMatrix_6s7m/verilog/rtl_source/BusMatrix_6s7m_op_arbsram2.v
/home/xian001/SY13_DATA/RTL/sy1301/AE210P/ae210p/andes_ip/peripheral_ip/BusMatrix_6s7m/verilog/rtl_source/BusMatrix_6s7m_op_stageahb2bm.v
/home/xian001/SY13_DATA/RTL/sy1301/AE210P/ae210p/andes_ip/peripheral_ip/BusMatrix_6s7m/verilog/rtl_source/BusMatrix_6s7m_op_stageahb2cm0.v
/home/xian001/SY13_DATA/RTL/sy1301/AE210P/ae210p/andes_ip/peripheral_ip/BusMatrix_6s7m/verilog/rtl_source/BusMatrix_6s7m_op_stagefpac.v
/home/xian001/SY13_DATA/RTL/sy1301/AE210P/ae210p/andes_ip/peripheral_ip/BusMatrix_6s7m/verilog/rtl_source/BusMatrix_6s7m_op_stagesdrlcd.v
/home/xian001/SY13_DATA/RTL/sy1301/AE210P/ae210p/andes_ip/peripheral_ip/BusMatrix_6s7m/verilog/rtl_source/BusMatrix_6s7m_op_stagesram0.v
/home/xian001/SY13_DATA/RTL/sy1301/AE210P/ae210p/andes_ip/peripheral_ip/BusMatrix_6s7m/verilog/rtl_source/BusMatrix_6s7m_op_stagesram1.v
/home/xian001/SY13_DATA/RTL/sy1301/AE210P/ae210p/andes_ip/peripheral_ip/BusMatrix_6s7m/verilog/rtl_source/BusMatrix_6s7m_op_stagesram2.v
/home/xian001/SY13_DATA/RTL/sy1301/AE210P/ae210p/andes_ip/peripheral_ip/BusMatrix_4s6m/verilog/rtl_source/BP010_a2bm_BusMatrix_4s6m_1.v
/home/xian001/SY13_DATA/RTL/sy1301/AE210P/ae210p/andes_ip/peripheral_ip/BusMatrix_4s6m/verilog/rtl_source/BusMatrix_4s6m_bm_decodlcdcm.v
/home/xian001/SY13_DATA/RTL/sy1301/AE210P/ae210p/andes_ip/peripheral_ip/BusMatrix_4s6m/verilog/rtl_source/BusMatrix_4s6m_bm_decodlocsc0m.v
/home/xian001/SY13_DATA/RTL/sy1301/AE210P/ae210p/andes_ip/peripheral_ip/BusMatrix_4s6m/verilog/rtl_source/BusMatrix_4s6m_bm_decodlocsc1m.v
/home/xian001/SY13_DATA/RTL/sy1301/AE210P/ae210p/andes_ip/peripheral_ip/BusMatrix_4s6m/verilog/rtl_source/BusMatrix_4s6m_bm_decodsdrlcd.v
/home/xian001/SY13_DATA/RTL/sy1301/AE210P/ae210p/andes_ip/peripheral_ip/BusMatrix_4s6m/verilog/rtl_source/BusMatrix_4s6m_ip_stage.v
/home/xian001/SY13_DATA/RTL/sy1301/AE210P/ae210p/andes_ip/peripheral_ip/BusMatrix_4s6m/verilog/rtl_source/BusMatrix_4s6m_op_arblcdcs.v
/home/xian001/SY13_DATA/RTL/sy1301/AE210P/ae210p/andes_ip/peripheral_ip/BusMatrix_4s6m/verilog/rtl_source/BusMatrix_4s6m_op_arblocsc0s.v
/home/xian001/SY13_DATA/RTL/sy1301/AE210P/ae210p/andes_ip/peripheral_ip/BusMatrix_4s6m/verilog/rtl_source/BusMatrix_4s6m_op_arblocsc1s.v
/home/xian001/SY13_DATA/RTL/sy1301/AE210P/ae210p/andes_ip/peripheral_ip/BusMatrix_4s6m/verilog/rtl_source/BusMatrix_4s6m_op_arbpsramdata.v
/home/xian001/SY13_DATA/RTL/sy1301/AE210P/ae210p/andes_ip/peripheral_ip/BusMatrix_4s6m/verilog/rtl_source/BusMatrix_4s6m_op_arbpsramreg.v
/home/xian001/SY13_DATA/RTL/sy1301/AE210P/ae210p/andes_ip/peripheral_ip/BusMatrix_4s6m/verilog/rtl_source/BusMatrix_4s6m_op_arbsdram.v
/home/xian001/SY13_DATA/RTL/sy1301/AE210P/ae210p/andes_ip/peripheral_ip/BusMatrix_4s6m/verilog/rtl_source/BusMatrix_4s6m_op_stagelcdcs.v
/home/xian001/SY13_DATA/RTL/sy1301/AE210P/ae210p/andes_ip/peripheral_ip/BusMatrix_4s6m/verilog/rtl_source/BusMatrix_4s6m_op_stagelocsc0s.v
/home/xian001/SY13_DATA/RTL/sy1301/AE210P/ae210p/andes_ip/peripheral_ip/BusMatrix_4s6m/verilog/rtl_source/BusMatrix_4s6m_op_stagelocsc1s.v
/home/xian001/SY13_DATA/RTL/sy1301/AE210P/ae210p/andes_ip/peripheral_ip/BusMatrix_4s6m/verilog/rtl_source/BusMatrix_4s6m_op_stagepsramdata.v
/home/xian001/SY13_DATA/RTL/sy1301/AE210P/ae210p/andes_ip/peripheral_ip/BusMatrix_4s6m/verilog/rtl_source/BusMatrix_4s6m_op_stagepsramreg.v
/home/xian001/SY13_DATA/RTL/sy1301/AE210P/ae210p/andes_ip/peripheral_ip/BusMatrix_4s6m/verilog/rtl_source/BusMatrix_4s6m_op_stagesdram.v
/home/xian001/SY13_DATA/RTL/sy1301/AE210P/ae210p/andes_ip/peripheral_ip/BusMatrix_4s6m/verilog/rtl_source/BusMatrix_4s6m.v
/home/xian001/SY13_DATA/RTL/sy1301/AE210P/ae210p/andes_ip/peripheral_ip/BusMatrix_1s3m/verilog/rtl_source/BP010_a2bm_BusMatrix_1s3m_1.v
/home/xian001/SY13_DATA/RTL/sy1301/AE210P/ae210p/andes_ip/peripheral_ip/BusMatrix_1s3m/verilog/rtl_source/BusMatrix_1s3m.v
/home/xian001/SY13_DATA/RTL/sy1301/AE210P/ae210p/andes_ip/peripheral_ip/BusMatrix_1s3m/verilog/rtl_source/BusMatrix_1s3m_bm_decodfpac.v
/home/xian001/SY13_DATA/RTL/sy1301/AE210P/ae210p/andes_ip/peripheral_ip/BusMatrix_1s3m/verilog/rtl_source/BusMatrix_1s3m_ip_stage.v
/home/xian001/SY13_DATA/RTL/sy1301/AE210P/ae210p/andes_ip/peripheral_ip/BusMatrix_1s3m/verilog/rtl_source/BusMatrix_1s3m_op_arb.v
/home/xian001/SY13_DATA/RTL/sy1301/AE210P/ae210p/andes_ip/peripheral_ip/BusMatrix_1s3m/verilog/rtl_source/BusMatrix_1s3m_op_stage.v
/home/xian001/SY13_DATA/RTL/sy1301/AE210P/ae210p/andes_ip/peripheral_ip/BusMatrix_1s2m/verilog/rtl_source/BP010_a2bm_BusMatrix_1s2m_1.v
/home/xian001/SY13_DATA/RTL/sy1301/AE210P/ae210p/andes_ip/peripheral_ip/BusMatrix_1s2m/verilog/rtl_source/BusMatrix_1s2m_bm_decodLocsc.v
/home/xian001/SY13_DATA/RTL/sy1301/AE210P/ae210p/andes_ip/peripheral_ip/BusMatrix_1s2m/verilog/rtl_source/BusMatrix_1s2m_ip_stage.v
/home/xian001/SY13_DATA/RTL/sy1301/AE210P/ae210p/andes_ip/peripheral_ip/BusMatrix_1s2m/verilog/rtl_source/BusMatrix_1s2m_op_arb.v
/home/xian001/SY13_DATA/RTL/sy1301/AE210P/ae210p/andes_ip/peripheral_ip/BusMatrix_1s2m/verilog/rtl_source/BusMatrix_1s2m_op_stage.v
/home/xian001/SY13_DATA/RTL/sy1301/AE210P/ae210p/andes_ip/peripheral_ip/BusMatrix_1s2m/verilog/rtl_source/BusMatrix_1s2m.v
/home/xian001/SY13_DATA/RTL/sy1301/AE210P/ae210p/andes_ip/peripheral_ip/sdram/Sdram.v
/home/xian001/SY13_DATA/RTL/sy1301/AE210P/ae210p/andes_ip/peripheral_ip/sdram/SdramAhbRdBuf0.v
/home/xian001/SY13_DATA/RTL/sy1301/AE210P/ae210p/andes_ip/peripheral_ip/sdram/SdramAhbRegBlk.v
/home/xian001/SY13_DATA/RTL/sy1301/AE210P/ae210p/andes_ip/peripheral_ip/sdram/SdramAhbWrBuf0.v
/home/xian001/SY13_DATA/RTL/sy1301/AE210P/ae210p/andes_ip/peripheral_ip/sdram/SdramAhbWrBuf1.v
/home/xian001/SY13_DATA/RTL/sy1301/AE210P/ae210p/andes_ip/peripheral_ip/sdram/SdramAhbif.v
/home/xian001/SY13_DATA/RTL/sy1301/AE210P/ae210p/andes_ip/peripheral_ip/sdram/SdramArbFSM.v
/home/xian001/SY13_DATA/RTL/sy1301/AE210P/ae210p/andes_ip/peripheral_ip/sdram/SdramArbiter.v
/home/xian001/SY13_DATA/RTL/sy1301/AE210P/ae210p/andes_ip/peripheral_ip/sdram/SdramBigEndian.v
/home/xian001/SY13_DATA/RTL/sy1301/AE210P/ae210p/andes_ip/peripheral_ip/sdram/SdramCmdSeq.v
/home/xian001/SY13_DATA/RTL/sy1301/AE210P/ae210p/andes_ip/peripheral_ip/sdram/SdramDefs.v
/home/xian001/SY13_DATA/RTL/sy1301/AE210P/ae210p/andes_ip/peripheral_ip/sdram/SdramDefs66.v
/home/xian001/SY13_DATA/RTL/sy1301/AE210P/ae210p/andes_ip/peripheral_ip/sdram/SdramDramCntl.v
/home/xian001/SY13_DATA/RTL/sy1301/AE210P/ae210p/andes_ip/peripheral_ip/sdram/SdramDramFSM.v
/home/xian001/SY13_DATA/RTL/sy1301/AE210P/ae210p/andes_ip/peripheral_ip/sdram/SdramEngine.v
/home/xian001/SY13_DATA/RTL/sy1301/AE210P/ae210p/andes_ip/peripheral_ip/sdram/SdramPins.v
/home/xian001/SY13_DATA/RTL/sy1301/AE210P/ae210p/andes_ip/peripheral_ip/sdram/SdramTimCntl.v
/home/xian001/SY13_DATA/RTL/sy1301/AE210P/ae210p/andes_ip/peripheral_ip/apc/apc_top.v
/home/xian001/SY13_DATA/RTL/sy1301/AE210P/ae210p/andes_ip/peripheral_ip/apc/arb_fifo.v
/home/xian001/SY13_DATA/RTL/sy1301/AE210P/ae210p/andes_ip/peripheral_ip/apc/bvci_mem_ctrl.v
/home/xian001/SY13_DATA/RTL/sy1301/AE210P/ae210p/andes_ip/peripheral_ip/apc/bvci_mem_wrap.v
/home/xian001/SY13_DATA/RTL/sy1301/AE210P/ae210p/andes_ip/peripheral_ip/apc/bvci_post_write.v
/home/xian001/SY13_DATA/RTL/sy1301/AE210P/ae210p/andes_ip/peripheral_ip/apc/vbi2as.v
/home/xian001/SY13_DATA/RTL/sy1301/AE210P/ae210p/andes_ip/peripheral_ip/hyperram/AhbToAxi/A11AhbLiteMToAxi.v
/home/xian001/SY13_DATA/RTL/sy1301/AE210P/ae210p/andes_ip/peripheral_ip/hyperram/AhbToAxi/AhbLiteMToAxi.v
/home/xian001/SY13_DATA/RTL/sy1301/AE210P/ae210p/andes_ip/peripheral_ip/hyperram/AhbToAxi/AhbMToAxiWrapper.v
/home/xian001/SY13_DATA/RTL/sy1301/AE210P/ae210p/andes_ip/peripheral_ip/hyperram/AhbToAxi/AhbSToAxi.v
/home/xian001/SY13_DATA/RTL/sy1301/AE210P/ae210p/andes_ip/peripheral_ip/hyperram/AhbToAxi/AhbSToAxiWrapper.v
/home/xian001/SY13_DATA/RTL/sy1301/AE210P/ae210p/andes_ip/peripheral_ip/hyperram/AhbToAxi/AhbToAxiHtransSquelch.v
/home/xian001/SY13_DATA/RTL/sy1301/AE210P/ae210p/andes_ip/peripheral_ip/hyperram/AhbToAxi/AhbToAxiIncrOverride.v
/home/xian001/SY13_DATA/RTL/sy1301/AE210P/ae210p/andes_ip/peripheral_ip/hyperram/AhbToAxi/AhbToAxiStrbGen.v
/home/xian001/SY13_DATA/RTL/sy1301/AE210P/ae210p/andes_ip/peripheral_ip/hyperram/AhbToAxi/Axi_undef.v
/home/xian001/SY13_DATA/RTL/sy1301/AE210P/ae210p/andes_ip/peripheral_ip/hyperram/AhbToAxi/Axi.v
/home/xian001/SY13_DATA/RTL/sy1301/AE210P/ae210p/andes_ip/peripheral_ip/hyperram/rpc2_ctrl_controller.v
/home/xian001/SY13_DATA/RTL/sy1301/AE210P/ae210p/andes_ip/peripheral_ip/hyperram/rpc2_ctrl_top.v
/home/xian001/SY13_DATA/RTL/sy1301/AE210P/ae210p/andes_ip/peripheral_ip/hyperram/clock_generator_sample/rpc2_ctrl_clk_gen.v
/home/xian001/SY13_DATA/RTL/sy1301/AE210P/ae210p/andes_ip/peripheral_ip/hyperram/ctrl_ip/rpc2_ctrl_ax_fifo.v
/home/xian001/SY13_DATA/RTL/sy1301/AE210P/ae210p/andes_ip/peripheral_ip/hyperram/ctrl_ip/rpc2_ctrl_axi3_wr_address_control.v
/home/xian001/SY13_DATA/RTL/sy1301/AE210P/ae210p/andes_ip/peripheral_ip/hyperram/ctrl_ip/rpc2_ctrl_axi3_wr_data_control.v
/home/xian001/SY13_DATA/RTL/sy1301/AE210P/ae210p/andes_ip/peripheral_ip/hyperram/ctrl_ip/rpc2_ctrl_axi_address_channel.v
/home/xian001/SY13_DATA/RTL/sy1301/AE210P/ae210p/andes_ip/peripheral_ip/hyperram/ctrl_ip/rpc2_ctrl_axi_address_channel2.v
/home/xian001/SY13_DATA/RTL/sy1301/AE210P/ae210p/andes_ip/peripheral_ip/hyperram/ctrl_ip/rpc2_ctrl_axi_async_channel2.v
/home/xian001/SY13_DATA/RTL/sy1301/AE210P/ae210p/andes_ip/peripheral_ip/hyperram/ctrl_ip/rpc2_ctrl_axi_channel.v
/home/xian001/SY13_DATA/RTL/sy1301/AE210P/ae210p/andes_ip/peripheral_ip/hyperram/ctrl_ip/rpc2_ctrl_axi_rd_address_control.v
/home/xian001/SY13_DATA/RTL/sy1301/AE210P/ae210p/andes_ip/peripheral_ip/hyperram/ctrl_ip/rpc2_ctrl_axi_rd_data_channel.v
/home/xian001/SY13_DATA/RTL/sy1301/AE210P/ae210p/andes_ip/peripheral_ip/hyperram/ctrl_ip/rpc2_ctrl_axi_wr_address_control.v
/home/xian001/SY13_DATA/RTL/sy1301/AE210P/ae210p/andes_ip/peripheral_ip/hyperram/ctrl_ip/rpc2_ctrl_axi_wr_address_control2.v
/home/xian001/SY13_DATA/RTL/sy1301/AE210P/ae210p/andes_ip/peripheral_ip/hyperram/ctrl_ip/rpc2_ctrl_axi_wr_data_channel.v
/home/xian001/SY13_DATA/RTL/sy1301/AE210P/ae210p/andes_ip/peripheral_ip/hyperram/ctrl_ip/rpc2_ctrl_axi_wr_data_channel2.v
/home/xian001/SY13_DATA/RTL/sy1301/AE210P/ae210p/andes_ip/peripheral_ip/hyperram/ctrl_ip/rpc2_ctrl_axi_wr_data_control.v
/home/xian001/SY13_DATA/RTL/sy1301/AE210P/ae210p/andes_ip/peripheral_ip/hyperram/ctrl_ip/rpc2_ctrl_axi_wr_response_channel.v
/home/xian001/SY13_DATA/RTL/sy1301/AE210P/ae210p/andes_ip/peripheral_ip/hyperram/ctrl_ip/rpc2_ctrl_axi_wr_response_channel2.v
/home/xian001/SY13_DATA/RTL/sy1301/AE210P/ae210p/andes_ip/peripheral_ip/hyperram/ctrl_ip/rpc2_ctrl_axi_wr_response_control.v
/home/xian001/SY13_DATA/RTL/sy1301/AE210P/ae210p/andes_ip/peripheral_ip/hyperram/ctrl_ip/rpc2_ctrl_axid_fifo.v
/home/xian001/SY13_DATA/RTL/sy1301/AE210P/ae210p/andes_ip/peripheral_ip/hyperram/ctrl_ip/rpc2_ctrl_control.v
/home/xian001/SY13_DATA/RTL/sy1301/AE210P/ae210p/andes_ip/peripheral_ip/hyperram/ctrl_ip/rpc2_ctrl_control_register.v
/home/xian001/SY13_DATA/RTL/sy1301/AE210P/ae210p/andes_ip/peripheral_ip/hyperram/ctrl_ip/rpc2_ctrl_core.v
/home/xian001/SY13_DATA/RTL/sy1301/AE210P/ae210p/andes_ip/peripheral_ip/hyperram/ctrl_ip/rpc2_ctrl_dpram_generator.v
/home/xian001/SY13_DATA/RTL/sy1301/AE210P/ae210p/andes_ip/peripheral_ip/hyperram/ctrl_ip/rpc2_ctrl_dpram_wrapper.v
/home/xian001/SY13_DATA/RTL/sy1301/AE210P/ae210p/andes_ip/peripheral_ip/hyperram/ctrl_ip/rpc2_ctrl_dqin_block.v
/home/xian001/SY13_DATA/RTL/sy1301/AE210P/ae210p/andes_ip/peripheral_ip/hyperram/ctrl_ip/rpc2_ctrl_dqinfifo.v
/home/xian001/SY13_DATA/RTL/sy1301/AE210P/ae210p/andes_ip/peripheral_ip/hyperram/ctrl_ip/rpc2_ctrl_fifo_gray_counter.v
/home/xian001/SY13_DATA/RTL/sy1301/AE210P/ae210p/andes_ip/peripheral_ip/hyperram/ctrl_ip/rpc2_ctrl_fifo_synchronizer.v
/home/xian001/SY13_DATA/RTL/sy1301/AE210P/ae210p/andes_ip/peripheral_ip/hyperram/ctrl_ip/rpc2_ctrl_ip.v
/home/xian001/SY13_DATA/RTL/sy1301/AE210P/ae210p/andes_ip/peripheral_ip/hyperram/ctrl_ip/rpc2_ctrl_mem.v
/home/xian001/SY13_DATA/RTL/sy1301/AE210P/ae210p/andes_ip/peripheral_ip/hyperram/ctrl_ip/rpc2_ctrl_mem_logic.v
/home/xian001/SY13_DATA/RTL/sy1301/AE210P/ae210p/andes_ip/peripheral_ip/hyperram/ctrl_ip/rpc2_ctrl_mem_reset_block.v
/home/xian001/SY13_DATA/RTL/sy1301/AE210P/ae210p/andes_ip/peripheral_ip/hyperram/ctrl_ip/rpc2_ctrl_reg.v
/home/xian001/SY13_DATA/RTL/sy1301/AE210P/ae210p/andes_ip/peripheral_ip/hyperram/ctrl_ip/rpc2_ctrl_reg_logic.v
/home/xian001/SY13_DATA/RTL/sy1301/AE210P/ae210p/andes_ip/peripheral_ip/hyperram/ctrl_ip/rpc2_ctrl_sync_fifo.v
/home/xian001/SY13_DATA/RTL/sy1301/AE210P/ae210p/andes_ip/peripheral_ip/hyperram/ctrl_ip/rpc2_ctrl_sync_fifo_axi.v
/home/xian001/SY13_DATA/RTL/sy1301/AE210P/ae210p/andes_ip/peripheral_ip/hyperram/ctrl_ip/rpc2_ctrl_sync_to_axiclk.v
/home/xian001/SY13_DATA/RTL/sy1301/AE210P/ae210p/andes_ip/peripheral_ip/hyperram/ctrl_ip/rpc2_ctrl_sync_to_memclk.v
/home/xian001/SY13_DATA/RTL/sy1301/AE210P/ae210p/andes_ip/peripheral_ip/hyperram/ctrl_ip/rpc2_ctrl_sync_to_regclk.v
/home/xian001/SY13_DATA/RTL/sy1301/AE210P/ae210p/andes_ip/peripheral_ip/hyperram/ctrl_ip/rpc2_ctrl_trans_arbiter.v
/home/xian001/SY13_DATA/RTL/sy1301/AE210P/ae210p/andes_ip/peripheral_ip/hyperram/pads_sample/rpc2_ctrl_io.v
/home/xian001/SY13_DATA/RTL/sy1301/AE210P/ae210p/andes_ip/peripheral_ip/hyperram/pads_sample/rpc2_ctrl_mux2to1.v
/home/xian001/SY13_DATA/RTL/sy1301/AE210P/ae210p/andes_ip/peripheral_ip/hyperram/pads_sample/rpc2_ctrl_output_ddr_cs.v
/home/xian001/SY13_DATA/RTL/sy1301/AE210P/ae210p/andes_ip/peripheral_ip/hyperram/pads_sample/rpc2_ctrl_output_ddr_dq.v
/home/xian001/SY13_DATA/RTL/sy1301/AE210P/ae210p/andes_ip/peripheral_ip/hyperram/pads_sample/rpc2_ctrl_rds_delay_adjust.v
/home/xian001/SY13_DATA/RTL/sy1301/AE210P/ae210p/andes_ip/peripheral_ip/scm/n10_rst_gate.v
/home/xian001/SY13_DATA/RTL/sy1301/AE210P/ae210p/andes_ip/peripheral_ip/scm/n10_scm.v
/home/xian001/SY13_DATA/RTL/sy1301/CortexM0/integration_kit/logical/peripheral/spi_dw/spi_DW_apb_ssi_cc_constants.v
/home/xian001/SY13_DATA/RTL/sy1301/CortexM0/integration_kit/logical/peripheral/spi_dw/spi_DW_apb_ssi.v
/home/xian001/SY13_DATA/RTL/sy1301/CortexM0/integration_kit/logical/peripheral/spi_dw/spi_DW_apb_ssi_bcm06.v
/home/xian001/SY13_DATA/RTL/sy1301/CortexM0/integration_kit/logical/peripheral/spi_dw/spi_DW_apb_ssi_bcm21.v
/home/xian001/SY13_DATA/RTL/sy1301/CortexM0/integration_kit/logical/peripheral/spi_dw/spi_DW_apb_ssi_bcm57.v
/home/xian001/SY13_DATA/RTL/sy1301/CortexM0/integration_kit/logical/peripheral/spi_dw/spi_DW_apb_ssi_bcm_params.v
/home/xian001/SY13_DATA/RTL/sy1301/CortexM0/integration_kit/logical/peripheral/spi_dw/spi_DW_apb_ssi_biu.v
/home/xian001/SY13_DATA/RTL/sy1301/CortexM0/integration_kit/logical/peripheral/spi_dw/spi_DW_apb_ssi_dma.v
/home/xian001/SY13_DATA/RTL/sy1301/CortexM0/integration_kit/logical/peripheral/spi_dw/spi_DW_apb_ssi_fifo.v
/home/xian001/SY13_DATA/RTL/sy1301/CortexM0/integration_kit/logical/peripheral/spi_dw/spi_DW_apb_ssi_intctl.v
/home/xian001/SY13_DATA/RTL/sy1301/CortexM0/integration_kit/logical/peripheral/spi_dw/spi_DW_apb_ssi_mstfsm.v
/home/xian001/SY13_DATA/RTL/sy1301/CortexM0/integration_kit/logical/peripheral/spi_dw/spi_DW_apb_ssi_regfile.v
/home/xian001/SY13_DATA/RTL/sy1301/CortexM0/integration_kit/logical/peripheral/spi_dw/spi_DW_apb_ssi_rxsr.v
/home/xian001/SY13_DATA/RTL/sy1301/CortexM0/integration_kit/logical/peripheral/spi_dw/spi_DW_apb_ssi_sclkgen.v
/home/xian001/SY13_DATA/RTL/sy1301/CortexM0/integration_kit/logical/peripheral/spi_dw/spi_DW_apb_ssi_shift.v
/home/xian001/SY13_DATA/RTL/sy1301/CortexM0/integration_kit/logical/peripheral/spi_dw/spi_DW_apb_ssi_slvfsm.v
/home/xian001/SY13_DATA/RTL/sy1301/CortexM0/integration_kit/logical/peripheral/spi_dw/spi_DW_apb_ssi_txsr.v
/home/xian001/SY13_DATA/RTL/sy1301/CortexM0/integration_kit/logical/peripheral/spi_dw/spi_DW_apb_ssi-undef.v
/home/xian001/SY13_DATA/RTL/sy1301/AE210P/ae210p/andes_ip/peripheral_ip/coa/ahb_slave.v
/home/xian001/SY13_DATA/RTL/sy1301/AE210P/ae210p/andes_ip/peripheral_ip/coa/coa_alu.v
/home/xian001/SY13_DATA/RTL/sy1301/AE210P/ae210p/andes_ip/peripheral_ip/coa/coa_ctrl_1d.v
/home/xian001/SY13_DATA/RTL/sy1301/AE210P/ae210p/andes_ip/peripheral_ip/coa/coa_ctrl_2d.v
/home/xian001/SY13_DATA/RTL/sy1301/AE210P/ae210p/andes_ip/peripheral_ip/coa/coa_mult.v
/home/xian001/SY13_DATA/RTL/sy1301/AE210P/ae210p/andes_ip/peripheral_ip/coa/coa_reg.v
/home/xian001/SY13_DATA/RTL/sy1301/AE210P/ae210p/andes_ip/peripheral_ip/coa/coa_top.v
/home/xian001/SY13_DATA/RTL/sy1301/AE210P/ae210p/andes_ip/peripheral_ip/coa/coa_trim_1d.v
/home/xian001/SY13_DATA/RTL/sy1301/AE210P/ae210p/andes_ip/peripheral_ip/coa/coa_trim_2d.v
/home/xian001/SY13_DATA/RTL/sy1301/AE210P/ae210p/andes_ip/peripheral_ip/i_dmac/src/DW_ahb_dmac_constants.v
/home/xian001/SY13_DATA/RTL/sy1301/AE210P/ae210p/andes_ip/peripheral_ip/i_dmac/src/DW_ahb_dmac_cc_constants.v
/home/xian001/SY13_DATA/RTL/sy1301/AE210P/ae210p/andes_ip/peripheral_ip/i_dmac/src/DW_ahb_dmac_bcm_params.v
/home/xian001/SY13_DATA/RTL/sy1301/AE210P/ae210p/andes_ip/peripheral_ip/i_dmac/src/DW_ahb_dmac_arb_mask.v
/home/xian001/SY13_DATA/RTL/sy1301/AE210P/ae210p/andes_ip/peripheral_ip/i_dmac/src/DW_ahb_dmac.v
/home/xian001/SY13_DATA/RTL/sy1301/AE210P/ae210p/andes_ip/peripheral_ip/i_dmac/src/DW_ahb_dmac_arb_req_mi.v
/home/xian001/SY13_DATA/RTL/sy1301/AE210P/ae210p/andes_ip/peripheral_ip/i_dmac/src/DW_ahb_dmac_arb_top.v
/home/xian001/SY13_DATA/RTL/sy1301/AE210P/ae210p/andes_ip/peripheral_ip/i_dmac/src/DW_ahb_dmac_arbiter_dp.v
/home/xian001/SY13_DATA/RTL/sy1301/AE210P/ae210p/andes_ip/peripheral_ip/i_dmac/src/DW_ahb_dmac_bcm01.v
/home/xian001/SY13_DATA/RTL/sy1301/AE210P/ae210p/andes_ip/peripheral_ip/i_dmac/src/DW_ahb_dmac_bcm06.v
/home/xian001/SY13_DATA/RTL/sy1301/AE210P/ae210p/andes_ip/peripheral_ip/i_dmac/src/DW_ahb_dmac_bcm52.v
/home/xian001/SY13_DATA/RTL/sy1301/AE210P/ae210p/andes_ip/peripheral_ip/i_dmac/src/DW_ahb_dmac_bcm54.v
/home/xian001/SY13_DATA/RTL/sy1301/AE210P/ae210p/andes_ip/peripheral_ip/i_dmac/src/DW_ahb_dmac_bcm57.v
/home/xian001/SY13_DATA/RTL/sy1301/AE210P/ae210p/andes_ip/peripheral_ip/i_dmac/src/DW_ahb_dmac_begen.v
/home/xian001/SY13_DATA/RTL/sy1301/AE210P/ae210p/andes_ip/peripheral_ip/i_dmac/src/DW_ahb_dmac_busmux.v
/home/xian001/SY13_DATA/RTL/sy1301/AE210P/ae210p/andes_ip/peripheral_ip/i_dmac/src/DW_ahb_dmac_central_tfr_ctl.v
/home/xian001/SY13_DATA/RTL/sy1301/AE210P/ae210p/andes_ip/peripheral_ip/i_dmac/src/DW_ahb_dmac_ch_dmux.v
/home/xian001/SY13_DATA/RTL/sy1301/AE210P/ae210p/andes_ip/peripheral_ip/i_dmac/src/DW_ahb_dmac_ch_dst_sm.v
/home/xian001/SY13_DATA/RTL/sy1301/AE210P/ae210p/andes_ip/peripheral_ip/i_dmac/src/DW_ahb_dmac_ch_src_sm.v
/home/xian001/SY13_DATA/RTL/sy1301/AE210P/ae210p/andes_ip/peripheral_ip/i_dmac/src/DW_ahb_dmac_ch_tfr_ctrl.v
/home/xian001/SY13_DATA/RTL/sy1301/AE210P/ae210p/andes_ip/peripheral_ip/i_dmac/src/DW_ahb_dmac_ch_to_mi_mux.v
/home/xian001/SY13_DATA/RTL/sy1301/AE210P/ae210p/andes_ip/peripheral_ip/i_dmac/src/DW_ahb_dmac_ch_top.v
/home/xian001/SY13_DATA/RTL/sy1301/AE210P/ae210p/andes_ip/peripheral_ip/i_dmac/src/DW_ahb_dmac_channelregs.v
/home/xian001/SY13_DATA/RTL/sy1301/AE210P/ae210p/andes_ip/peripheral_ip/i_dmac/src/DW_ahb_dmac_commonregs.v
/home/xian001/SY13_DATA/RTL/sy1301/AE210P/ae210p/andes_ip/peripheral_ip/i_dmac/src/DW_ahb_dmac_fifo.v
/home/xian001/SY13_DATA/RTL/sy1301/AE210P/ae210p/andes_ip/peripheral_ip/i_dmac/src/DW_ahb_dmac_fifo_ctrl.v
/home/xian001/SY13_DATA/RTL/sy1301/AE210P/ae210p/andes_ip/peripheral_ip/i_dmac/src/DW_ahb_dmac_fifo_top.v
/home/xian001/SY13_DATA/RTL/sy1301/AE210P/ae210p/andes_ip/peripheral_ip/i_dmac/src/DW_ahb_dmac_hs.v
/home/xian001/SY13_DATA/RTL/sy1301/AE210P/ae210p/andes_ip/peripheral_ip/i_dmac/src/DW_ahb_dmac_intrif.v
/home/xian001/SY13_DATA/RTL/sy1301/AE210P/ae210p/andes_ip/peripheral_ip/i_dmac/src/DW_ahb_dmac_lock_clr.v
/home/xian001/SY13_DATA/RTL/sy1301/AE210P/ae210p/andes_ip/peripheral_ip/i_dmac/src/DW_ahb_dmac_master_top.v
/home/xian001/SY13_DATA/RTL/sy1301/AE210P/ae210p/andes_ip/peripheral_ip/i_dmac/src/DW_ahb_dmac_mbiu.v
/home/xian001/SY13_DATA/RTL/sy1301/AE210P/ae210p/andes_ip/peripheral_ip/i_dmac/src/DW_ahb_dmac_mi_to_ch_mux.v
/home/xian001/SY13_DATA/RTL/sy1301/AE210P/ae210p/andes_ip/peripheral_ip/i_dmac/src/DW_ahb_dmac_mst_endian.v
/home/xian001/SY13_DATA/RTL/sy1301/AE210P/ae210p/andes_ip/peripheral_ip/i_dmac/src/DW_ahb_dmac_regblockif.v
/home/xian001/SY13_DATA/RTL/sy1301/AE210P/ae210p/andes_ip/peripheral_ip/i_dmac/src/DW_ahb_dmac_sbiu.v
/home/xian001/SY13_DATA/RTL/sy1301/AE210P/ae210p/andes_ip/peripheral_ip/i_dmac/src/DW_ahb_dmac-undef.v
/home/xian001/SY13_DATA/RTL/sy1301/AE210P/ae210p/andes_ip/peripheral_ip/lcd/Clcd.v
/home/xian001/SY13_DATA/RTL/sy1301/AE210P/ae210p/andes_ip/peripheral_ip/lcd/ClcdAhbIf.v
/home/xian001/SY13_DATA/RTL/sy1301/AE210P/ae210p/andes_ip/peripheral_ip/lcd/ClcdAhbMasterIf.v
/home/xian001/SY13_DATA/RTL/sy1301/AE210P/ae210p/andes_ip/peripheral_ip/lcd/ClcdAhbSlaveIf.v
/home/xian001/SY13_DATA/RTL/sy1301/AE210P/ae210p/andes_ip/peripheral_ip/lcd/ClcdCPGen.v
/home/xian001/SY13_DATA/RTL/sy1301/AE210P/ae210p/andes_ip/peripheral_ip/lcd/ClcdCntl.v
/home/xian001/SY13_DATA/RTL/sy1301/AE210P/ae210p/andes_ip/peripheral_ip/lcd/ClcdConfig.v
/home/xian001/SY13_DATA/RTL/sy1301/AE210P/ae210p/andes_ip/peripheral_ip/lcd/ClcdDMAFifo.v
/home/xian001/SY13_DATA/RTL/sy1301/AE210P/ae210p/andes_ip/peripheral_ip/lcd/ClcdDefine.v
/home/xian001/SY13_DATA/RTL/sy1301/AE210P/ae210p/andes_ip/peripheral_ip/lcd/ClcdDmaFRegWrap.v
/home/xian001/SY13_DATA/RTL/sy1301/AE210P/ae210p/andes_ip/peripheral_ip/lcd/ClcdFifoCntl.v
/home/xian001/SY13_DATA/RTL/sy1301/AE210P/ae210p/andes_ip/peripheral_ip/lcd/ClcdFifoReg.v
/home/xian001/SY13_DATA/RTL/sy1301/AE210P/ae210p/andes_ip/peripheral_ip/lcd/ClcdFormat.v
/home/xian001/SY13_DATA/RTL/sy1301/AE210P/ae210p/andes_ip/peripheral_ip/lcd/ClcdGS.v
/home/xian001/SY13_DATA/RTL/sy1301/AE210P/ae210p/andes_ip/peripheral_ip/lcd/ClcdMain.v
/home/xian001/SY13_DATA/RTL/sy1301/AE210P/ae210p/andes_ip/peripheral_ip/lcd/ClcdOutMux.v
/home/xian001/SY13_DATA/RTL/sy1301/AE210P/ae210p/andes_ip/peripheral_ip/lcd/ClcdPalette.v
/home/xian001/SY13_DATA/RTL/sy1301/AE210P/ae210p/andes_ip/peripheral_ip/lcd/ClcdRevAnd.v
/home/xian001/SY13_DATA/RTL/sy1301/AE210P/ae210p/andes_ip/peripheral_ip/lcd/ClcdSerialiser.v
/home/xian001/SY13_DATA/RTL/sy1301/AE210P/ae210p/andes_ip/peripheral_ip/lcd/ClcdSyncCLCDCLK.v
/home/xian001/SY13_DATA/RTL/sy1301/AE210P/ae210p/andes_ip/peripheral_ip/lcd/ClcdSyncHCLK.v
/home/xian001/SY13_DATA/RTL/sy1301/AE210P/ae210p/andes_ip/peripheral_ip/lcd/ClcdTest.v
/home/xian001/SY13_DATA/RTL/sy1301/AE210P/ae210p/andes_ip/peripheral_ip/lcd/ClcdTiming.v
/home/xian001/SY13_DATA/RTL/sy1301/AE210P/ae210p/andes_ip/peripheral_ip/lcd/ClcdUnpack.v
/home/xian001/SY13_DATA/RTL/sy1301/AE210P/ae210p/andes_ip/peripheral_ip/lcd/pram128x32.v
/home/xian001/SY13_DATA/RTL/sy1301/AE210P/ae210p/andes_ip/peripheral_ip/i_eh2h_s2m1/s2m1_DW_ahb_eh2h_cc_constants.v
/home/xian001/SY13_DATA/RTL/sy1301/AE210P/ae210p/andes_ip/peripheral_ip/i_eh2h_s2m1/s2m1_DW_ahb_eh2h_bcm_params.v
/home/xian001/SY13_DATA/RTL/sy1301/AE210P/ae210p/andes_ip/peripheral_ip/i_eh2h_s2m1/s2m1_DW_ahb_eh2h_constants.v
/home/xian001/SY13_DATA/RTL/sy1301/AE210P/ae210p/andes_ip/peripheral_ip/i_eh2h_s2m1/s2m1_DW_ahb_eh2h_macros.v
/home/xian001/SY13_DATA/RTL/sy1301/AE210P/ae210p/andes_ip/peripheral_ip/i_eh2h_s2m1/s2m1_DW_ahb_eh2h.v
/home/xian001/SY13_DATA/RTL/sy1301/AE210P/ae210p/andes_ip/peripheral_ip/i_eh2h_s2m1/s2m1_DW_ahb_eh2h_1kdist.v
/home/xian001/SY13_DATA/RTL/sy1301/AE210P/ae210p/andes_ip/peripheral_ip/i_eh2h_s2m1/s2m1_DW_ahb_eh2h_aagen.v
/home/xian001/SY13_DATA/RTL/sy1301/AE210P/ae210p/andes_ip/peripheral_ip/i_eh2h_s2m1/s2m1_DW_ahb_eh2h_bcm02.v
/home/xian001/SY13_DATA/RTL/sy1301/AE210P/ae210p/andes_ip/peripheral_ip/i_eh2h_s2m1/s2m1_DW_ahb_eh2h_bcm05.v
/home/xian001/SY13_DATA/RTL/sy1301/AE210P/ae210p/andes_ip/peripheral_ip/i_eh2h_s2m1/s2m1_DW_ahb_eh2h_bcm07.v
/home/xian001/SY13_DATA/RTL/sy1301/AE210P/ae210p/andes_ip/peripheral_ip/i_eh2h_s2m1/s2m1_DW_ahb_eh2h_bcm21.v
/home/xian001/SY13_DATA/RTL/sy1301/AE210P/ae210p/andes_ip/peripheral_ip/i_eh2h_s2m1/s2m1_DW_ahb_eh2h_bcm59.v
/home/xian001/SY13_DATA/RTL/sy1301/AE210P/ae210p/andes_ip/peripheral_ip/i_eh2h_s2m1/s2m1_DW_ahb_eh2h_begen.v
/home/xian001/SY13_DATA/RTL/sy1301/AE210P/ae210p/andes_ip/peripheral_ip/i_eh2h_s2m1/s2m1_DW_ahb_eh2h_bxf.v
/home/xian001/SY13_DATA/RTL/sy1301/AE210P/ae210p/andes_ip/peripheral_ip/i_eh2h_s2m1/s2m1_DW_ahb_eh2h_bxfd.v
/home/xian001/SY13_DATA/RTL/sy1301/AE210P/ae210p/andes_ip/peripheral_ip/i_eh2h_s2m1/s2m1_DW_ahb_eh2h_dmux.v
/home/xian001/SY13_DATA/RTL/sy1301/AE210P/ae210p/andes_ip/peripheral_ip/i_eh2h_s2m1/s2m1_DW_ahb_eh2h_dreg.v
/home/xian001/SY13_DATA/RTL/sy1301/AE210P/ae210p/andes_ip/peripheral_ip/i_eh2h_s2m1/s2m1_DW_ahb_eh2h_drege.v
/home/xian001/SY13_DATA/RTL/sy1301/AE210P/ae210p/andes_ip/peripheral_ip/i_eh2h_s2m1/s2m1_DW_ahb_eh2h_fifo_popp.v
/home/xian001/SY13_DATA/RTL/sy1301/AE210P/ae210p/andes_ip/peripheral_ip/i_eh2h_s2m1/s2m1_DW_ahb_eh2h_fifo_pushp.v
/home/xian001/SY13_DATA/RTL/sy1301/AE210P/ae210p/andes_ip/peripheral_ip/i_eh2h_s2m1/s2m1_DW_ahb_eh2h_fifo_s2_sf_wc.v
/home/xian001/SY13_DATA/RTL/sy1301/AE210P/ae210p/andes_ip/peripheral_ip/i_eh2h_s2m1/s2m1_DW_ahb_eh2h_mbiu.v
/home/xian001/SY13_DATA/RTL/sy1301/AE210P/ae210p/andes_ip/peripheral_ip/i_eh2h_s2m1/s2m1_DW_ahb_eh2h_mbiu_brfsm.v
/home/xian001/SY13_DATA/RTL/sy1301/AE210P/ae210p/andes_ip/peripheral_ip/i_eh2h_s2m1/s2m1_DW_ahb_eh2h_mbiu_trfsm.v
/home/xian001/SY13_DATA/RTL/sy1301/AE210P/ae210p/andes_ip/peripheral_ip/i_eh2h_s2m1/s2m1_DW_ahb_eh2h_nagen.v
/home/xian001/SY13_DATA/RTL/sy1301/AE210P/ae210p/andes_ip/peripheral_ip/i_eh2h_s2m1/s2m1_DW_ahb_eh2h_sbiu.v
/home/xian001/SY13_DATA/RTL/sy1301/AE210P/ae210p/andes_ip/peripheral_ip/i_eh2h_s2m1/s2m1_DW_ahb_eh2h_sbiu_bbc.v
/home/xian001/SY13_DATA/RTL/sy1301/AE210P/ae210p/andes_ip/peripheral_ip/i_eh2h_s2m1/s2m1_DW_ahb_eh2h_sbiu_rbfsm.v
/home/xian001/SY13_DATA/RTL/sy1301/AE210P/ae210p/andes_ip/peripheral_ip/i_eh2h_s2m1/s2m1_DW_ahb_eh2h_sbiu_refsm.v
/home/xian001/SY13_DATA/RTL/sy1301/AE210P/ae210p/andes_ip/peripheral_ip/i_eh2h_s2m1/s2m1_DW_ahb_eh2h_sbiu_rpfsm.v
/home/xian001/SY13_DATA/RTL/sy1301/AE210P/ae210p/andes_ip/peripheral_ip/i_eh2h_s2m1/s2m1_DW_ahb_eh2h_sbiu_scg.v
/home/xian001/SY13_DATA/RTL/sy1301/AE210P/ae210p/andes_ip/peripheral_ip/i_eh2h_s2m1/s2m1_DW_ahb_eh2h_sbiu_scs.v
/home/xian001/SY13_DATA/RTL/sy1301/AE210P/ae210p/andes_ip/peripheral_ip/i_eh2h_s2m1/s2m1_DW_ahb_eh2h_sbiu_tout.v
/home/xian001/SY13_DATA/RTL/sy1301/AE210P/ae210p/andes_ip/peripheral_ip/i_eh2h_s2m1/s2m1_DW_ahb_eh2h_sbiu_upfsm.v
/home/xian001/SY13_DATA/RTL/sy1301/AE210P/ae210p/andes_ip/peripheral_ip/i_eh2h_s2m1/s2m1_DW_ahb_eh2h_sbiu_wpfsm.v
/home/xian001/SY13_DATA/RTL/sy1301/AE210P/ae210p/andes_ip/peripheral_ip/i_eh2h_s2m1/s2m1_DW_ahb_eh2h_swio.v
/home/xian001/SY13_DATA/RTL/sy1301/AE210P/ae210p/andes_ip/peripheral_ip/i_eh2h_s2m1/s2m1_DW_ahb_eh2h_fifo.v
/home/xian001/SY13_DATA/RTL/sy1301/AE210P/ae210p/andes_ip/peripheral_ip/i_eh2h_s2m1/s2m1_DW_ahb_eh2h-undef.v
/home/xian001/SY13_DATA/RTL/sy1301/AE210P/ae210p/andes_ip/peripheral_ip/i_eh2h_s3m1/s3m1_DW_ahb_eh2h_cc_constants.v
/home/xian001/SY13_DATA/RTL/sy1301/AE210P/ae210p/andes_ip/peripheral_ip/i_eh2h_s3m1/s3m1_DW_ahb_eh2h_constants.v
/home/xian001/SY13_DATA/RTL/sy1301/AE210P/ae210p/andes_ip/peripheral_ip/i_eh2h_s3m1/s3m1_DW_ahb_eh2h_bcm_params.v
/home/xian001/SY13_DATA/RTL/sy1301/AE210P/ae210p/andes_ip/peripheral_ip/i_eh2h_s3m1/s3m1_DW_ahb_eh2h_macros.v
/home/xian001/SY13_DATA/RTL/sy1301/AE210P/ae210p/andes_ip/peripheral_ip/i_eh2h_s3m1/s3m1_DW_ahb_eh2h.v
/home/xian001/SY13_DATA/RTL/sy1301/AE210P/ae210p/andes_ip/peripheral_ip/i_eh2h_s3m1/s3m1_DW_ahb_eh2h_1kdist.v
/home/xian001/SY13_DATA/RTL/sy1301/AE210P/ae210p/andes_ip/peripheral_ip/i_eh2h_s3m1/s3m1_DW_ahb_eh2h_aagen.v
/home/xian001/SY13_DATA/RTL/sy1301/AE210P/ae210p/andes_ip/peripheral_ip/i_eh2h_s3m1/s3m1_DW_ahb_eh2h_bcm02.v
/home/xian001/SY13_DATA/RTL/sy1301/AE210P/ae210p/andes_ip/peripheral_ip/i_eh2h_s3m1/s3m1_DW_ahb_eh2h_bcm05.v
/home/xian001/SY13_DATA/RTL/sy1301/AE210P/ae210p/andes_ip/peripheral_ip/Ahb2AhbAsync/Ahb2AhbAsync32.v
/home/xian001/SY13_DATA/RTL/sy1301/AE210P/ae210p/andes_ip/peripheral_ip/Ahb2AhbAsync/AsyncMaster32.v
/home/xian001/SY13_DATA/RTL/sy1301/AE210P/ae210p/andes_ip/peripheral_ip/Ahb2AhbAsync/AsyncSlave32.v
/home/xian001/SY13_DATA/RTL/sy1301/AE210P/ae210p/andes_ip/peripheral_ip/Ahb2AhbAsync/Sync1.v
/home/xian001/SY13_DATA/RTL/sy1301/AE210P/ae210p/andes_ip/peripheral_ip/scm/n10_clk_gate.v
/home/xian001/SY13_DATA/RTL/sy1301/CortexM0/integration_kit/logical/peripheral/glue/oscselect.v
/home/xian001/SY13_DATA/RTL/sy1301/AE210P/ae210p/andes_ip/ae210/top/hdl/ae210_clkgen.v
/home/xian001/SY13_DATA/RTL/sy1301/AE210P/ae210p/andes_ip/ae210/top/hdl/ae210_rstgen.v
/home/xian001/SY13_DATA/RTL/sy1301/AE210P/ae210p/andes_ip/ae210/top/hdl/ae210_smu_mpd.v
/home/xian001/SY13_DATA/RTL/sy1301/AE210P/ae210p/andes_ip/ae210/top/hdl/ae210_clk8mux.v
/home/xian001/SY13_DATA/RTL/sy1301/CortexM0/integration_kit/logical/cm0ikmcu/verilog/sys_top.v
/home/xian001/SY13_DATA/RTL/sy1301/CortexM0/integration_kit/logical/cm0ikmcu/verilog/cm0ik_clk_gen.v
/home/xian001/SY13_DATA/RTL/sy1301/CortexM0/integration_kit/logical/cm0ikmcu/verilog/cm0ik_clk_div.v
/home/xian001/SY13_DATA/RTL/sy1301/CortexM0/integration_kit/logical/cm0ikmcu/verilog/clk8mux.v
/home/xian001/SY13_DATA/RTL/sy1301/CortexM0/integration_kit/logical/peripheral/glue/oscselect.v
/home/xian001/SY13_DATA/RTL/sy1301/CortexM0/integration_kit/logical/peripheral/glue/cm0ik_pad_ring.v
/home/xian001/SY13_DATA/RTL/sy1301/CortexM0/integration_kit/logical/peripheral/glue/io_pad.v
/home/xian001/SY13_DATA/RTL/sy1301/CortexM0/integration_kit/logical/peripheral/glue/cm0ik_por_delay.v
/home/xian001/SY13_DATA/RTL/sy1301/CortexM0/integration_kit/logical/peripheral/efc/fbist/fbist_top.v
/home/xian001/SY13_DATA/RTL/sy1301/CortexM0/integration_kit/logical/peripheral/efc/fbist/tb_x2_sfn40lp128kx38m64p2_hvt_sc_bist_dft.v
/home/xian001/SY13_DATA/RTL/sy1301/CortexM0/integration_kit/logical/peripheral/efc/fbist/tb_x2_sfn40lp128kx38m64p2_hvt_sc_bist_ioctrl.v
/home/xian001/SY13_DATA/RTL/sy1301/CortexM0/integration_kit/logical/peripheral/efc/fbist/tb_x2_sfn40lp128kx38m64p2_hvt_sc_bist_main.v
/home/xian001/SY13_DATA/RTL/sy1301/CortexM0/integration_kit/logical/peripheral/efc/fbist/tb_x2_sfn40lp128kx38m64p2_hvt_sc_bist_misr.v
/home/xian001/SY13_DATA/RTL/sy1301/CortexM0/integration_kit/logical/peripheral/efc/fbist/tb_x2_sfn40lp128kx38m64p2_hvt_sc_bist_mux.v
/home/xian001/SY13_DATA/RTL/sy1301/CortexM0/integration_kit/logical/peripheral/efc/fbist/tb_x2_sfn40lp128kx38m64p2_hvt_sc_bist_regfile.v
/home/xian001/SY13_DATA/RTL/sy1301/CortexM0/integration_kit/logical/peripheral/efc/fbist/tb_x2_sfn40lp128kx38m64p2_hvt_sc_bist_tap.v
/home/xian001/SY13_DATA/RTL/sy1301/CortexM0/integration_kit/logical/peripheral/efc/fbist/tb_x2_sfn40lp128kx38m64p2_hvt_sc_bist_timer.v
/home/xian001/SY13_DATA/RTL/sy1301/CortexM0/integration_kit/logical/peripheral/efc/fbist/tb_x2_sfn40lp128kx38m64p2_hvt_sc_bist_top.v
/home/xian001/SY13_DATA/RTL/sy1301/CortexM0/integration_kit/logical/peripheral/efc/fbist/tb_x2_sfn40lp128kx38m64p2_hvt_sc_bist_ucmd.v
/home/xian001/SY13_DATA/RTL/sy1301/CortexM0/integration_kit/logical/peripheral/efc/fbist/tb_x2_sfn40lp128kx38m64p2_hvt_sc_bist_wfdata.v
/home/xian001/SY13_DATA/RTL/sy1301/CortexM0/integration_kit/logical/peripheral/efc/fbist/testchip.v
/home/xian001/SY13_DATA/RTL/sy1301/CortexM0/integration_kit/logical/peripheral/efc/fbist/tsmwr_x1r8_sfn40lp128kx38m64p2_hvt_sc_smw_loopctrl.v
/home/xian001/SY13_DATA/RTL/sy1301/CortexM0/integration_kit/logical/peripheral/efc/fbist/tsmwr_x1r8_sfn40lp128kx38m64p2_hvt_sc_smw_main.v
/home/xian001/SY13_DATA/RTL/sy1301/CortexM0/integration_kit/logical/peripheral/efc/fbist/tsmwr_x1r8_sfn40lp128kx38m64p2_hvt_sc_smw_mux.v
/home/xian001/SY13_DATA/RTL/sy1301/CortexM0/integration_kit/logical/peripheral/efc/fbist/tsmwr_x1r8_sfn40lp128kx38m64p2_hvt_sc_smw_rowbuf.v
/home/xian001/SY13_DATA/RTL/sy1301/CortexM0/integration_kit/logical/peripheral/efc/fbist/tsmwr_x1r8_sfn40lp128kx38m64p2_hvt_sc_smw_top.v
/home/xian001/SY13_DATA/RTL/sy1301/CortexM0/integration_kit/logical/peripheral/efc/fbist/tsmwr_x1r8_sfn40lp128kx38m64p2_hvt_sc_smw_wfgen.v
/home/xian001/SY13_DATA/RTL/sy1301/CortexM0/logical/models/wrappers/CORTEXM0INTEGRATIONIMP.v
/home/xian001/SY13_DATA/RTL/sy1301/CortexM0/logical/cortexm0_integration/verilog/cortexm0_wic.v
/home/xian001/SY13_DATA/RTL/sy1301/CortexM0/logical/cortexm0_integration/verilog/CORTEXM0INTEGRATION.v
/home/xian001/SY13_DATA/RTL/sy1301/CortexM0/logical/cortexm0_dap/verilog/CORTEXM0DAP.v
/home/xian001/SY13_DATA/RTL/sy1301/CortexM0/logical/cortexm0_dap/verilog/cm0_dap_ap.v
/home/xian001/SY13_DATA/RTL/sy1301/CortexM0/logical/cortexm0_dap/verilog/cm0_dap_ap_cdc.v
/home/xian001/SY13_DATA/RTL/sy1301/CortexM0/logical/cortexm0_dap/verilog/cm0_dap_ap_mast.v
/home/xian001/SY13_DATA/RTL/sy1301/CortexM0/logical/cortexm0_dap/verilog/cm0_dap_dp.v
/home/xian001/SY13_DATA/RTL/sy1301/CortexM0/logical/cortexm0_dap/verilog/cm0_dap_dp_cdc.v
/home/xian001/SY13_DATA/RTL/sy1301/CortexM0/logical/cortexm0_dap/verilog/cm0_dap_dp_jtag.v
/home/xian001/SY13_DATA/RTL/sy1301/CortexM0/logical/cortexm0_dap/verilog/cm0_dap_dp_pwr.v
/home/xian001/SY13_DATA/RTL/sy1301/CortexM0/logical/cortexm0_dap/verilog/cm0_dap_dp_sw.v
/home/xian001/SY13_DATA/RTL/sy1301/CortexM0/logical/models/cells/cm0_acg.v
/home/xian001/SY13_DATA/RTL/sy1301/CortexM0/logical/models/cells/cm0_dap_cdc_capt_sync.v
/home/xian001/SY13_DATA/RTL/sy1301/CortexM0/logical/models/cells/cm0_dap_cdc_comb_and.v
/home/xian001/SY13_DATA/RTL/sy1301/CortexM0/logical/models/cells/cm0_dap_cdc_comb_and_addr.v
/home/xian001/SY13_DATA/RTL/sy1301/CortexM0/logical/models/cells/cm0_dap_cdc_comb_and_data.v
/home/xian001/SY13_DATA/RTL/sy1301/CortexM0/logical/models/cells/cm0_dap_cdc_send.v
/home/xian001/SY13_DATA/RTL/sy1301/CortexM0/logical/models/cells/cm0_dap_cdc_send_addr.v
/home/xian001/SY13_DATA/RTL/sy1301/CortexM0/logical/models/cells/cm0_dap_cdc_send_data.v
/home/xian001/SY13_DATA/RTL/sy1301/CortexM0/logical/models/cells/cm0_dap_cdc_send_reset.v
/home/xian001/SY13_DATA/RTL/sy1301/CortexM0/logical/models/cells/cm0_dap_jt_cdc_comb_and.v
/home/xian001/SY13_DATA/RTL/sy1301/CortexM0/logical/models/cells/cm0_dap_sw_cdc_capt_reset.v
/home/xian001/SY13_DATA/RTL/sy1301/CortexM0/logical/models/cells/cm0_dbg_reset_sync.v
/home/xian001/SY13_DATA/RTL/sy1301/CortexM0/logical/cortexm0/verilog/CORTEXM0.v
/home/xian001/SY13_DATA/RTL/sy1301/CortexM0/logical/cortexm0/verilog/cm0_core.v
/home/xian001/SY13_DATA/RTL/sy1301/CortexM0/logical/cortexm0/verilog/cm0_core_alu.v
/home/xian001/SY13_DATA/RTL/sy1301/CortexM0/logical/cortexm0/verilog/cm0_core_dec.v
/home/xian001/SY13_DATA/RTL/sy1301/CortexM0/logical/cortexm0/verilog/cm0_core_ctl.v
/home/xian001/SY13_DATA/RTL/sy1301/CortexM0/logical/cortexm0/verilog/cm0_core_gpr.v
/home/xian001/SY13_DATA/RTL/sy1301/CortexM0/logical/cortexm0/verilog/cm0_core_mul.v
/home/xian001/SY13_DATA/RTL/sy1301/CortexM0/logical/cortexm0/verilog/cm0_core_pfu.v
/home/xian001/SY13_DATA/RTL/sy1301/CortexM0/logical/cortexm0/verilog/cm0_core_psr.v
/home/xian001/SY13_DATA/RTL/sy1301/CortexM0/logical/cortexm0/verilog/cm0_core_spu.v
/home/xian001/SY13_DATA/RTL/sy1301/CortexM0/logical/cortexm0/verilog/cm0_dbg_bpu.v
/home/xian001/SY13_DATA/RTL/sy1301/CortexM0/logical/cortexm0/verilog/cm0_dbg_ctl.v
/home/xian001/SY13_DATA/RTL/sy1301/CortexM0/logical/cortexm0/verilog/cm0_dbg_dwt.v
/home/xian001/SY13_DATA/RTL/sy1301/CortexM0/logical/cortexm0/verilog/cm0_dbg_if.v
/home/xian001/SY13_DATA/RTL/sy1301/CortexM0/logical/cortexm0/verilog/cm0_dbg_sel.v
/home/xian001/SY13_DATA/RTL/sy1301/CortexM0/logical/cortexm0/verilog/cm0_matrix.v
/home/xian001/SY13_DATA/RTL/sy1301/CortexM0/logical/cortexm0/verilog/cm0_matrix_sel.v
/home/xian001/SY13_DATA/RTL/sy1301/CortexM0/logical/cortexm0/verilog/cm0_nvic.v
/home/xian001/SY13_DATA/RTL/sy1301/CortexM0/logical/cortexm0/verilog/cm0_nvic_main.v
/home/xian001/SY13_DATA/RTL/sy1301/CortexM0/logical/cortexm0/verilog/cm0_nvic_reg.v
/home/xian001/SY13_DATA/RTL/sy1301/CortexM0/logical/cortexm0/verilog/cm0_tarmac.v
/home/xian001/SY13_DATA/RTL/sy1301/CortexM0/logical/cortexm0/verilog/cm0_top.v
/home/xian001/SY13_DATA/RTL/sy1301/CortexM0/logical/cortexm0/verilog/cm0_top_clk.v
/home/xian001/SY13_DATA/RTL/sy1301/CortexM0/logical/cortexm0/verilog/cm0_top_dbg.v
/home/xian001/SY13_DATA/RTL/sy1301/CortexM0/logical/cortexm0/verilog/cm0_top_sys.v
/home/xian001/SY13_DATA/RTL/sy1301/CortexM0/integration_kit/logical/cm0ikmcu/verilog/cm0ik_sys.v
/home/xian001/SY13_DATA/RTL/sy1301/CortexM0/integration_kit/logical/peripheral/efc/DefaultSlave.v
/home/xian001/SY13_DATA/RTL/sy1301/CortexM0/integration_kit/logical/peripheral/efc/ahb_rom_bridge.v
/home/xian001/SY13_DATA/RTL/sy1301/CortexM0/integration_kit/logical/peripheral/efc/ecc_32b_e1_dec.v
/home/xian001/SY13_DATA/RTL/sy1301/CortexM0/integration_kit/logical/peripheral/efc/ecc_32b_e1_enc.v
/home/xian001/SY13_DATA/RTL/sy1301/CortexM0/integration_kit/logical/peripheral/efc/efc_ambm.v
/home/xian001/SY13_DATA/RTL/sy1301/CortexM0/integration_kit/logical/peripheral/efc/efc_biasini.v
/home/xian001/SY13_DATA/RTL/sy1301/CortexM0/integration_kit/logical/peripheral/efc/efc_ctrl.v
/home/xian001/SY13_DATA/RTL/sy1301/CortexM0/integration_kit/logical/peripheral/efc/efc_delay.v
/home/xian001/SY13_DATA/RTL/sy1301/CortexM0/integration_kit/logical/peripheral/efc/efc_fpga.v
/home/xian001/SY13_DATA/RTL/sy1301/CortexM0/integration_kit/logical/peripheral/efc/efc_fpga_syno_tc.v
/home/xian001/SY13_DATA/RTL/sy1301/CortexM0/integration_kit/logical/peripheral/efc/efc_mpu.v
/home/xian001/SY13_DATA/RTL/sy1301/CortexM0/integration_kit/logical/peripheral/efc/efc_pre.v
/home/xian001/SY13_DATA/RTL/sy1301/CortexM0/integration_kit/logical/peripheral/efc/efc_reg.v
/home/xian001/SY13_DATA/RTL/sy1301/CortexM0/integration_kit/logical/peripheral/efc/efc_test.v
/home/xian001/SY13_DATA/RTL/sy1301/CortexM0/integration_kit/logical/peripheral/efc/efc_top.v
/home/xian001/SY13_DATA/RTL/sy1301/CortexM0/integration_kit/logical/peripheral/efc/simon_cipher.v
/home/xian001/SY13_DATA/RTL/sy1301/CortexM0/integration_kit/logical/peripheral/efc/simon_key.v
/home/xian001/SY13_DATA/RTL/sy1301/CortexM0/integration_kit/logical/peripheral/efc/simon_round.v
/home/xian001/SY13_DATA/RTL/sy1301/CortexM0/integration_kit/analoglib/ANA_IO_PG/PowerGate.v
